Component: ARM Compiler 5.05 update 1 (build 106) Tool: armlink [4d0efa]

==============================================================================

Section Cross References

    main.o(.text) refers to misc.o(.text) for NVIC_PriorityGroupConfig
    main.o(.text) refers to delay.o(.text) for delay_init
    main.o(.text) refers to usart.o(.text) for uart_init
    main.o(.text) refers to led.o(.text) for LED_Init
    main.o(.text) refers to lcd.o(.text) for LCD_Init
    main.o(.text) refers to adc.o(.text) for ADC_DMA_Init
    main.o(.text) refers to timer.o(.text) for TIM3_Init
    main.o(.text) refers to background.o(.text) for set_background
    main.o(.text) refers to adc.o(.bss) for ADC_BUFF
    system_stm32f4xx.o(.text) refers to system_stm32f4xx.o(.data) for SystemCoreClock
    background.o(.text) refers to lcd.o(.text) for LCD_DrawRectangle
    background.o(.text) refers to lcd.o(.data) for POINT_COLOR
    background.o(.text) refers to background.o(.data) for arr_F
    led.o(.text) refers to stm32f4xx_rcc.o(.text) for RCC_AHB1PeriphClockCmd
    led.o(.text) refers to stm32f4xx_gpio.o(.text) for GPIO_Init
    lcd.o(.text) refers to _printf_percent.o(.ARM.Collect$$_printf_percent$$00000000) for _printf_percent
    lcd.o(.text) refers to _printf_x.o(.ARM.Collect$$_printf_percent$$0000000C) for _printf_x
    lcd.o(.text) refers to _printf_hex_int.o(.text) for _printf_longlong_hex
    lcd.o(.text) refers to delay.o(.text) for delay_us
    lcd.o(.text) refers to lcd.o(.bss) for lcddev
    lcd.o(.text) refers to lcd.o(.data) for POINT_COLOR
    lcd.o(.text) refers to stm32f4xx_rcc.o(.text) for RCC_AHB1PeriphClockCmd
    lcd.o(.text) refers to stm32f4xx_gpio.o(.text) for GPIO_Init
    lcd.o(.text) refers to stm32f4xx_fsmc.o(.text) for FSMC_NORSRAMInit
    lcd.o(.text) refers to noretval__2printf.o(.text) for __2printf
    lcd.o(.text) refers to lcd.o(.constdata) for asc2_1206
    adc.o(.text) refers to stm32f4xx_rcc.o(.text) for RCC_AHB1PeriphClockCmd
    adc.o(.text) refers to stm32f4xx_dma.o(.text) for DMA_DeInit
    adc.o(.text) refers to stm32f4xx_gpio.o(.text) for GPIO_Init
    adc.o(.text) refers to stm32f4xx_adc.o(.text) for ADC_CommonInit
    adc.o(.text) refers to stm32f4xx_tim.o(.text) for TIM_Cmd
    adc.o(.text) refers to adc.o(.bss) for ADC_BUFF
    key.o(.text) refers to stm32f4xx_rcc.o(.text) for RCC_AHB1PeriphClockCmd
    key.o(.text) refers to stm32f4xx_gpio.o(.text) for GPIO_Init
    key.o(.text) refers to delay.o(.text) for delay_ms
    key.o(.text) refers to key.o(.data) for key_up
    dma.o(.text) refers to stm32f4xx_rcc.o(.text) for RCC_AHB1PeriphClockCmd
    dma.o(.text) refers to stm32f4xx_dma.o(.text) for DMA_DeInit
    timer.o(.text) refers to stm32f4xx_rcc.o(.text) for RCC_APB1PeriphClockCmd
    timer.o(.text) refers to stm32f4xx_gpio.o(.text) for GPIO_Init
    timer.o(.text) refers to stm32f4xx_tim.o(.text) for TIM_TimeBaseInit
    timer.o(.text) refers to misc.o(.text) for NVIC_Init
    delay.o(.text) refers to misc.o(.text) for SysTick_CLKSourceConfig
    delay.o(.text) refers to delay.o(.data) for fac_us
    usart.o(.rev16_text) refers (Special) to use_no_semi_2.o(.text) for __use_no_semihosting
    usart.o(.revsh_text) refers (Special) to use_no_semi_2.o(.text) for __use_no_semihosting
    usart.o(.text) refers (Special) to use_no_semi_2.o(.text) for __use_no_semihosting
    usart.o(.text) refers to stm32f4xx_rcc.o(.text) for RCC_AHB1PeriphClockCmd
    usart.o(.text) refers to stm32f4xx_gpio.o(.text) for GPIO_PinAFConfig
    usart.o(.text) refers to stm32f4xx_usart.o(.text) for USART_Init
    usart.o(.text) refers to misc.o(.text) for NVIC_Init
    usart.o(.text) refers to usart.o(.data) for USART_RX_STA
    usart.o(.text) refers to usart.o(.bss) for USART_RX_BUF
    usart.o(.bss) refers (Special) to use_no_semi_2.o(.text) for __use_no_semihosting
    usart.o(.data) refers (Special) to use_no_semi_2.o(.text) for __use_no_semihosting
    startup_stm32f40_41xxx.o(STACK) refers (Special) to heapauxi.o(.text) for __use_two_region_memory
    startup_stm32f40_41xxx.o(HEAP) refers (Special) to heapauxi.o(.text) for __use_two_region_memory
    startup_stm32f40_41xxx.o(RESET) refers (Special) to heapauxi.o(.text) for __use_two_region_memory
    startup_stm32f40_41xxx.o(RESET) refers to startup_stm32f40_41xxx.o(STACK) for __initial_sp
    startup_stm32f40_41xxx.o(RESET) refers to startup_stm32f40_41xxx.o(.text) for Reset_Handler
    startup_stm32f40_41xxx.o(RESET) refers to stm32f4xx_it.o(.text) for NMI_Handler
    startup_stm32f40_41xxx.o(RESET) refers to timer.o(.text) for TIM2_IRQHandler
    startup_stm32f40_41xxx.o(RESET) refers to usart.o(.text) for USART1_IRQHandler
    startup_stm32f40_41xxx.o(.text) refers (Special) to heapauxi.o(.text) for __use_two_region_memory
    startup_stm32f40_41xxx.o(.text) refers to system_stm32f4xx.o(.text) for SystemInit
    startup_stm32f40_41xxx.o(.text) refers to __main.o(!!!main) for __main
[...]
    ../clib/angel/handlers.s                 0x00000000   Number         0  __scatter_zi.o ABSOLUTE
    ../clib/angel/kernel.s                   0x00000000   Number         0  rtexit2.o ABSOLUTE
    ../clib/angel/kernel.s                   0x00000000   Number         0  __rtentry2.o ABSOLUTE
    ../clib/angel/kernel.s                   0x00000000   Number         0  __rtentry4.o ABSOLUTE
    ../clib/angel/kernel.s                   0x00000000   Number         0  rtexit.o ABSOLUTE
    ../clib/angel/kernel.s                   0x00000000   Number         0  __rtentry.o ABSOLUTE
    ../clib/angel/rt.s                       0x00000000   Number         0  rt_raise.o ABSOLUTE
    ../clib/angel/scatter.s                  0x00000000   Number         0  __scatter.o ABSOLUTE
    ../clib/angel/startup.s                  0x00000000   Number         0  __main.o ABSOLUTE
    ../clib/angel/sys.s                      0x00000000   Number         0  use_no_semi_2.o ABSOLUTE
    ../clib/angel/sys.s                      0x00000000   Number         0  libspace.o ABSOLUTE
    ../clib/angel/sys.s                      0x00000000   Number         0  indicate_semi.o ABSOLUTE
    ../clib/angel/sys.s                      0x00000000   Number         0  use_no_semi.o ABSOLUTE
    ../clib/angel/sys.s                      0x00000000   Number         0  sys_stackheap_outer.o ABSOLUTE
    ../clib/angel/sysapp.c                   0x00000000   Number         0  sys_command.o ABSOLUTE
    ../clib/angel/sysapp.c                   0x00000000   Number         0  sys_wrch.o ABSOLUTE
    ../clib/armsys.c                         0x00000000   Number         0  no_argv.o ABSOLUTE
    ../clib/armsys.c                         0x00000000   Number         0  _get_argv_nomalloc.o ABSOLUTE
    ../clib/armsys.c                         0x00000000   Number         0  argv_veneer.o ABSOLUTE
    ../clib/armsys.c                         0x00000000   Number         0  argv_veneer.o ABSOLUTE
    ../clib/heapalloc.c                      0x00000000   Number         0  hrguard.o ABSOLUTE
    ../clib/heapaux.c                        0x00000000   Number         0  heapauxi.o ABSOLUTE
    ../clib/libinit.s                        0x00000000   Number         0  libshutdown.o ABSOLUTE
    ../clib/libinit.s                        0x00000000   Number         0  libinit.o ABSOLUTE
    ../clib/libinit.s                        0x00000000   Number         0  libinit2.o ABSOLUTE
    ../clib/libinit.s                        0x00000000   Number         0  libshutdown2.o ABSOLUTE
    ../clib/printf.c                         0x00000000   Number         0  _printf_intcommon.o ABSOLUTE
    ../clib/printf.c                         0x00000000   Number         0  noretval__2printf.o ABSOLUTE
    ../clib/printf.c                         0x00000000   Number         0  __printf.o ABSOLUTE
    ../clib/printf.c                         0x00000000   Number         0  _printf_hex_ll.o ABSOLUTE
    ../clib/printf.c                         0x00000000   Number         0  _printf_hex_int.o ABSOLUTE
    ../clib/printf.c                         0x00000000   Number         0  _printf_hex_int_ll.o ABSOLUTE
    ../clib/printf.c                         0x00000000   Number         0  _printf_hex_ptr.o ABSOLUTE
    ../clib/printf.c                         0x00000000   Number         0  _printf_hex_int_ptr.o ABSOLUTE
    ../clib/printf.c                         0x00000000   Number         0  _printf_hex_ll_ptr.o ABSOLUTE
    ../clib/printf.c                         0x00000000   Number         0  __printf_ss.o ABSOLUTE
    ../clib/printf.c                         0x00000000   Number         0  _printf_char_common.o ABSOLUTE
    ../clib/printf.c                         0x00000000   Number         0  __printf_flags_ss.o ABSOLUTE
    ../clib/printf.c                         0x00000000   Number         0  __2printf.o ABSOLUTE
    ../clib/printf.c                         0x00000000   Number         0  __printf_wp.o ABSOLUTE
    ../clib/printf.c                         0x00000000   Number         0  __printf_flags_wp.o ABSOLUTE
    ../clib/printf.c                         0x00000000   Number         0  __printf_ss_wp.o ABSOLUTE
    ../clib/printf.c                         0x00000000   Number         0  _printf_hex_int_ll_ptr.o ABSOLUTE
    ../clib/printf.c                         0x00000000   Number         0  __printf_nopercent.o ABSOLUTE
    ../clib/printf.c                         0x00000000   Number         0  __printf_flags.o ABSOLUTE
    ../clib/printf.c                         0x00000000   Number         0  __printf_flags_ss_wp.o ABSOLUTE
    ../clib/printf.c                         0x00000000   Number         0  _printf_char_file.o ABSOLUTE
    ../clib/printf_percent.s                 0x00000000   Number         0  _printf_x.o ABSOLUTE
    ../clib/printf_percent.s                 0x00000000   Number         0  _printf_percent_end.o ABSOLUTE
    ../clib/printf_percent.s                 0x00000000   Number         0  _printf_percent.o ABSOLUTE
    ../clib/signal.c                         0x00000000   Number         0  defsig_general.o ABSOLUTE
    ../clib/signal.c                         0x00000000   Number         0  defsig_cppl_inner.o ABSOLUTE
    ../clib/signal.c                         0x00000000   Number         0  defsig_stak_inner.o ABSOLUTE
    ../clib/signal.c                         0x00000000   Number         0  defsig_rtred_inner.o ABSOLUTE
    ../clib/signal.c                         0x00000000   Number         0  defsig_rtmem_outer.o ABSOLUTE
    ../clib/signal.c                         0x00000000   Number         0  defsig_fpe_inner.o ABSOLUTE
    ../clib/signal.c                         0x00000000   Number         0  defsig_abrt_inner.o ABSOLUTE
    ../clib/signal.c                         0x00000000   Number         0  defsig_rtmem_inner.o ABSOLUTE
    ../clib/signal.c                         0x00000000   Number         0  defsig_exit.o ABSOLUTE
    ../clib/signal.c                         0x00000000   Number         0  __raise.o ABSOLUTE
    ../clib/signal.c                         0x00000000   Number         0  defsig_other.o ABSOLUTE
    ../clib/signal.c                         0x00000000   Number         0  defsig_rtmem_formal.o ABSOLUTE
    ../clib/signal.c                         0x00000000   Number         0  defsig_segv_inner.o ABSOLUTE
    ../clib/signal.c                         0x00000000   Number         0  defsig_pvfn_inner.o ABSOLUTE
    ../clib/signal.s                         0x00000000   Number         0  defsig.o ABSOLUTE
    ../clib/stdio.c                          0x00000000   Number         0  ferror_locked.o ABSOLUTE
    ../clib/stdio.c                          0x00000000   Number         0  ferror.o ABSOLUTE
    ../clib/stdlib.c                         0x00000000   Number         0  exit.o ABSOLUTE
    ../fplib/fpinit.s                        0x00000000   Number         0  fpinit.o ABSOLUTE
    ..\CORE\startup_stm32f40_41xxx.s         0x00000000   Number         0  startup_stm32f40_41xxx.o ABSOLUTE
    ..\FWLIB\src\misc.c                      0x00000000   Number         0  misc.o ABSOLUTE
    ..\FWLIB\src\stm32f4xx_adc.c             0x00000000   Number         0  stm32f4xx_adc.o ABSOLUTE
    ..\FWLIB\src\stm32f4xx_dma.c             0x00000000   Number         0  stm32f4xx_dma.o ABSOLUTE
    ..\FWLIB\src\stm32f4xx_exti.c            0x00000000   Number         0  stm32f4xx_exti.o ABSOLUTE
    ..\FWLIB\src\stm32f4xx_fsmc.c            0x00000000   Number         0  stm32f4xx_fsmc.o ABSOLUTE
    ..\FWLIB\src\stm32f4xx_gpio.c            0x00000000   Number         0  stm32f4xx_gpio.o ABSOLUTE
    ..\FWLIB\src\stm32f4xx_rcc.c             0x00000000   Number         0  stm32f4xx_rcc.o ABSOLUTE
    ..\FWLIB\src\stm32f4xx_syscfg.c          0x00000000   Number         0  stm32f4xx_syscfg.o ABSOLUTE
    ..\FWLIB\src\stm32f4xx_tim.c             0x00000000   Number         0  stm32f4xx_tim.o ABSOLUTE
    ..\FWLIB\src\stm32f4xx_usart.c           0x00000000   Number         0  stm32f4xx_usart.o ABSOLUTE
    ..\HARDWARE\ADC\adc.c                    0x00000000   Number         0  adc.o ABSOLUTE
    ..\HARDWARE\DMA\dma.c                    0x00000000   Number         0  dma.o ABSOLUTE
    ..\HARDWARE\KEY\key.c                    0x00000000   Number         0  key.o ABSOLUTE
    ..\HARDWARE\LCD\lcd.c                    0x00000000   Number         0  lcd.o ABSOLUTE
    ..\HARDWARE\LED\led.c                    0x00000000   Number         0  led.o ABSOLUTE
    ..\HARDWARE\TIMER\timer.c                0x00000000   Number         0  timer.o ABSOLUTE
    ..\SYSTEM\delay\delay.c                  0x00000000   Number         0  delay.o ABSOLUTE
    ..\SYSTEM\sys\sys.c                      0x00000000   Number         0  sys.o ABSOLUTE
    ..\SYSTEM\usart\usart.c                  0x00000000   Number         0  usart.o ABSOLUTE
    ..\\FWLIB\\src\\misc.c                   0x00000000   Number         0  misc.o ABSOLUTE
    ..\\FWLIB\\src\\stm32f4xx_adc.c          0x00000000   Number         0  stm32f4xx_adc.o ABSOLUTE
    ..\\FWLIB\\src\\stm32f4xx_dma.c          0x00000000   Number         0  stm32f4xx_dma.o ABSOLUTE
    ..\\FWLIB\\src\\stm32f4xx_exti.c         0x00000000   Number         0  stm32f4xx_exti.o ABSOLUTE
    ..\\FWLIB\\src\\stm32f4xx_fsmc.c         0x00000000   Number         0  stm32f4xx_fsmc.o ABSOLUTE
    ..\\FWLIB\\src\\stm32f4xx_gpio.c         0x00000000   Number         0  stm32f4xx_gpio.o ABSOLUTE
    ..\\FWLIB\\src\\stm32f4xx_rcc.c          0x00000000   Number         0  stm32f4xx_rcc.o ABSOLUTE
    ..\\FWLIB\\src\\stm32f4xx_syscfg.c       0x00000000   Number         0  stm32f4xx_syscfg.o ABSOLUTE
    ..\\FWLIB\\src\\stm32f4xx_tim.c          0x00000000   Number         0  stm32f4xx_tim.o ABSOLUTE
    ..\\FWLIB\\src\\stm32f4xx_usart.c        0x00000000   Number         0  stm32f4xx_usart.o ABSOLUTE
    ..\\HARDWARE\\ADC\\adc.c                 0x00000000   Number         0  adc.o ABSOLUTE
    ..\\HARDWARE\\DMA\\dma.c                 0x00000000   Number         0  dma.o ABSOLUTE
    ..\\HARDWARE\\KEY\\key.c                 0x00000000   Number         0  key.o ABSOLUTE
    ..\\HARDWARE\\LCD\\lcd.c                 0x00000000   Number         0  lcd.o ABSOLUTE
    ..\\HARDWARE\\LED\\led.c                 0x00000000   Number         0  led.o ABSOLUTE
    ..\\HARDWARE\\TIMER\\timer.c             0x00000000   Number         0  timer.o ABSOLUTE
    ..\\SYSTEM\\delay\\delay.c               0x00000000   Number         0  delay.o ABSOLUTE
    ..\\SYSTEM\\sys\\sys.c                   0x00000000   Number         0  sys.o ABSOLUTE
    ..\\SYSTEM\\usart\\usart.c               0x00000000   Number         0  usart.o ABSOLUTE
    background.c                             0x00000000   Number         0  background.o ABSOLUTE
    background.c                             0x00000000   Number         0  background.o ABSOLUTE
    dc.s                                     0x00000000   Number         0  dc.o ABSOLUTE
    main.c                                   0x00000000   Number         0  main.o ABSOLUTE
    main.c                                   0x00000000   Number         0  main.o ABSOLUTE
    stm32f4xx_it.c                           0x00000000   Number         0  stm32f4xx_it.o ABSOLUTE
    stm32f4xx_it.c                           0x00000000   Number         0  stm32f4xx_it.o ABSOLUTE
    system_stm32f4xx.c                       0x00000000   Number         0  system_stm32f4xx.o ABSOLUTE
    system_stm32f4xx.c                       0x00000000   Number         0  system_stm32f4xx.o ABSOLUTE
    RESET                                    0x08000000   Section      392  startup_stm32f40_41xxx.o(RESET)
    !!!main                                  0x08000188   Section        8  __main.o(!!!main)
    !!!scatter                               0x08000190   Section       52  __scatter.o(!!!scatter)
    !!dczerorl2                              0x080001c4   Section       90  __dczerorl2.o(!!dczerorl2)
    !!handler_zi                             0x08000220   Section       28  __scatter_zi.o(!!handler_zi)
    .ARM.Collect$$_printf_percent$$00000000  0x0800023c   Section        0  _printf_percent.o(.ARM.Collect$$_printf_percent$$00000000)
    .ARM.Collect$$_printf_percent$$0000000C  0x0800023c   Section        6  _printf_x.o(.ARM.Collect$$_printf_percent$$0000000C)
    .ARM.Collect$$_printf_percent$$00000017  0x08000242   Section        4  _printf_percent_end.o(.ARM.Collect$$_printf_percent$$00000017)
    .ARM.Collect$$libinit$$00000000          0x08000246   Section        2  libinit.o(.ARM.Collect$$libinit$$00000000)
    .ARM.Collect$$libinit$$00000001          0x08000248   Section        4  libinit2.o(.ARM.Collect$$libinit$$00000001)
    .ARM.Collect$$libinit$$00000004          0x0800024c   Section        0  libinit2.o(.ARM.Collect$$libinit$$00000004)
    .ARM.Collect$$libinit$$0000000A          0x0800024c   Section        0  libinit2.o(.ARM.Collect$$libinit$$0000000A)
    .ARM.Collect$$libinit$$0000000C          0x0800024c   Section        0  libinit2.o(.ARM.Collect$$libinit$$0000000C)
    .ARM.Collect$$libinit$$0000000E          0x0800024c   Section        0  libinit2.o(.ARM.Collect$$libinit$$0000000E)
    .ARM.Collect$$libinit$$00000011          0x0800024c   Section        0  libinit2.o(.ARM.Collect$$libinit$$00000011)
    .ARM.Collect$$libinit$$00000013          0x0800024c   Section        0  libinit2.o(.ARM.Collect$$libinit$$00000013)
    .ARM.Collect$$libinit$$00000015          0x0800024c   Section        0  libinit2.o(.ARM.Collect$$libinit$$00000015)
    .ARM.Collect$$libinit$$00000017          0x0800024c   Section        0  libinit2.o(.ARM.Collect$$libinit$$00000017)
    .ARM.Collect$$libinit$$00000019          0x0800024c   Section        0  libinit2.o(.ARM.Collect$$libinit$$00000019)
    .ARM.Collect$$libinit$$0000001B          0x0800024c   Section        0  libinit2.o(.ARM.Collect$$libinit$$0000001B)
    .ARM.Collect$$libinit$$0000001D          0x0800024c   Section        0  libinit2.o(.ARM.Collect$$libinit$$0000001D)
    .ARM.Collect$$libinit$$0000001F          0x0800024c   Section        0  libinit2.o(.ARM.Collect$$libinit$$0000001F)
    .ARM.Collect$$libinit$$00000021          0x0800024c   Section        0  libinit2.o(.ARM.Collect$$libinit$$00000021)
    .ARM.Collect$$libinit$$00000023          0x0800024c   Section        0  libinit2.o(.ARM.Collect$$libinit$$00000023)
    .ARM.Collect$$libinit$$00000025          0x0800024c   Section        0  libinit2.o(.ARM.Collect$$libinit$$00000025)
    .ARM.Collect$$libinit$$0000002C          0x0800024c   Section        0  libinit2.o(.ARM.Collect$$libinit$$0000002C)
    .ARM.Collect$$libinit$$0000002E          0x0800024c   Section        0  libinit2.o(.ARM.Collect$$libinit$$0000002E)
    .ARM.Collect$$libinit$$00000030          0x0800024c   Section        0  libinit2.o(.ARM.Collect$$libinit$$00000030)
    .ARM.Collect$$libinit$$00000032          0x0800024c   Section        0  libinit2.o(.ARM.Collect$$libinit$$00000032)
    .ARM.Collect$$libinit$$00000033          0x0800024c   Section        2  libinit2.o(.ARM.Collect$$libinit$$00000033)
    .ARM.Collect$$libshutdown$$00000000      0x0800024e   Section        2  libshutdown.o(.ARM.Collect$$libshutdown$$00000000)
    .ARM.Collect$$libshutdown$$00000003      0x08000250   Section        0  libshutdown2.o(.ARM.Collect$$libshutdown$$00000003)
    .ARM.Collect$$libshutdown$$00000006      0x08000250   Section        0  libshutdown2.o(.ARM.Collect$$libshutdown$$00000006)
    .ARM.Collect$$libshutdown$$00000009      0x08000250   Section        0  libshutdown2.o(.ARM.Collect$$libshutdown$$00000009)
    .ARM.Collect$$libshutdown$$0000000B      0x08000250   Section        0  libshutdown2.o(.ARM.Collect$$libshutdown$$0000000B)
    .ARM.Collect$$libshutdown$$0000000E      0x08000250   Section        0  libshutdown2.o(.ARM.Collect$$libshutdown$$0000000E)
    .ARM.Collect$$libshutdown$$0000000F      0x08000250   Section        2  libshutdown2.o(.ARM.Collect$$libshutdown$$0000000F)
    .ARM.Collect$$rtentry$$00000000          0x08000252   Section        0  __rtentry.o(.ARM.Collect$$rtentry$$00000000)
    .ARM.Collect$$rtentry$$00000002          0x08000252   Section        0  __rtentry2.o(.ARM.Collect$$rtentry$$00000002)
    .ARM.Collect$$rtentry$$00000004          0x08000252   Section        6  __rtentry4.o(.ARM.Collect$$rtentry$$00000004)
    .ARM.Collect$$rtentry$$00000009          0x08000258   Section        0  __rtentry2.o(.ARM.Collect$$rtentry$$00000009)
    .ARM.Collect$$rtentry$$0000000A          0x08000258   Section        4  __rtentry2.o(.ARM.Collect$$rtentry$$0000000A)
    .ARM.Collect$$rtentry$$0000000C          0x0800025c   Section        0  __rtentry2.o(.ARM.Collect$$rtentry$$0000000C)
    .ARM.Collect$$rtentry$$0000000D          0x0800025c   Section        8  __rtentry2.o(.ARM.Collect$$rtentry$$0000000D)
    .ARM.Collect$$rtexit$$00000000           0x08000264   Section        2  rtexit.o(.ARM.Collect$$rtexit$$00000000)
    .ARM.Collect$$rtexit$$00000002           0x08000266   Section        0  rtexit2.o(.ARM.Collect$$rtexit$$00000002)
    .ARM.Collect$$rtexit$$00000003           0x08000266   Section        4  rtexit2.o(.ARM.Collect$$rtexit$$00000003)
    .ARM.Collect$$rtexit$$00000004           0x0800026a   Section        6  rtexit2.o(.ARM.Collect$$rtexit$$00000004)
    .text                                    0x08000270   Section        0  main.o(.text)
    .text                                    0x0800032c   Section        0  stm32f4xx_it.o(.text)
    .text                                    0x08000348   Section        0  system_stm32f4xx.o(.text)
    SetSysClock                              0x08000349   Thumb Code   220  system_stm32f4xx.o(.text)
    .text                                    0x08000558   Section        0  background.o(.text)
    .text                                    0x080007a0   Section        0  led.o(.text)
    .text                                    0x080007dc   Section        0  lcd.o(.text)
    .text                                    0x08004ff8   Section        0  adc.o(.text)
    .text                                    0x0800514c   Section        0  timer.o(.text)
    .text                                    0x080052b8   Section        0  delay.o(.text)
    .text                                    0x080053bc   Section        0  usart.o(.text)
    .text                                    0x08005510   Section       64  startup_stm32f40_41xxx.o(.text)
    $v0                                      0x08005510   Number         0  startup_stm32f40_41xxx.o(.text)
    .text                                    0x08005550   Section        0  misc.o(.text)
    .text                                    0x08005630   Section        0  stm32f4xx_adc.o(.text)
    .text                                    0x08005a94   Section        0  stm32f4xx_gpio.o(.text)
    .text                                    0x08005d28   Section        0  stm32f4xx_fsmc.o(.text)
    .text                                    0x080062f0   Section        0  stm32f4xx_rcc.o(.text)
    .text                                    0x0800694c   Section        0  stm32f4xx_usart.o(.text)
    .text                                    0x08006da0   Section        0  stm32f4xx_dma.o(.text)
    .text                                    0x08007148   Section        0  stm32f4xx_tim.o(.text)
    TI4_Config                               0x080078e7   Thumb Code    80  stm32f4xx_tim.o(.text)
    TI3_Config                               0x08007949   Thumb Code    72  stm32f4xx_tim.o(.text)
    TI2_Config                               0x080079ab   Thumb Code    90  stm32f4xx_tim.o(.text)
    TI1_Config                               0x08007a17   Thumb Code    58  stm32f4xx_tim.o(.text)
    .text                                    0x08007dea   Section        2  use_no_semi_2.o(.text)
    .text                                    0x08007dec   Section        0  noretval__2printf.o(.text)
    .text                                    0x08007e04   Section        0  __printf.o(.text)
    .text                                    0x08007e6c   Section        0  _printf_hex_int.o(.text)
    .text                                    0x08007ec4   Section        0  heapauxi.o(.text)
    .text                                    0x08007eca   Section        2  use_no_semi.o(.text)
    .text                                    0x08007ecc   Section        0  _printf_intcommon.o(.text)
    .text                                    0x08007f80   Section        0  _printf_char_file.o(.text)
    .text                                    0x08007fa4   Section        0  _printf_char_common.o(.text)
    _printf_input_char                       0x08007fa5   Thumb Code    10  _printf_char_common.o(.text)
    .text                                    0x08007fd4   Section        0  ferror.o(.text)
    .text                                    0x08007fdc   Section       74  sys_stackheap_outer.o(.text)
    .text                                    0x08008026   Section        0  exit.o(.text)
    .text                                    0x08008034   Section        8  libspace.o(.text)
    x$fpl$fpinit                             0x0800803c   Section       10  fpinit.o(x$fpl$fpinit)
    $v0                                      0x0800803c   Number         0  fpinit.o(x$fpl$fpinit)
    .constdata                               0x08008046   Section     6080  lcd.o(.constdata)
    .constdata                               0x08009808   Section       28  stm32f4xx_fsmc.o(.constdata)
    .constdata                               0x08009824   Section       40  _printf_hex_int.o(.constdata)
    uc_hextab                                0x08009824   Data          20  _printf_hex_int.o(.constdata)
    lc_hextab                                0x08009838   Data          20  _printf_hex_int.o(.constdata)
    .data                                    0x20000000   Section       20  system_stm32f4xx.o(.data)
    .data                                    0x20000014   Section      476  background.o(.data)
    .data                                    0x200001f0   Section        4  lcd.o(.data)
    .data                                    0x200001f4   Section        4  delay.o(.data)
    fac_us                                   0x200001f4   Data           1  delay.o(.data)
    fac_ms                                   0x200001f6   Data           2  delay.o(.data)
    .data                                    0x200001f8   Section        6  usart.o(.data)
    .data                                    0x200001fe   Section       16  stm32f4xx_rcc.o(.data)
    APBAHBPrescTable                         0x200001fe   Data          16  stm32f4xx_rcc.o(.data)
    .bss                                     0x20000210   Section       14  lcd.o(.bss)
    .bss                                     0x2000021e   Section     1280  adc.o(.bss)
    .bss                                     0x2000071e   Section      200  usart.o(.bss)
    .bss                                     0x200007e8   Section       96  libspace.o(.bss)
    HEAP                                     0x20000848   Section      512  startup_stm32f40_41xxx.o(HEAP)
    Heap_Mem                                 0x20000848   Data         512  startup_stm32f40_41xxx.o(HEAP)
    STACK                                    0x20000a48   Section     1024  startup_stm32f40_41xxx.o(STACK)
    Stack_Mem                                0x20000a48   Data        1024  startup_stm32f40_41xxx.o(STACK)
    __initial_sp                             0x20000e48   Data           0  startup_stm32f40_41xxx.o(STACK)

    Global Symbols

    Symbol Name                              Value     Ov Type        Size  Object(Section)

    BuildAttributes$$THM_ISAv4$E$P$D$K$B$S$7EM$VFPi3$EXTD16$VFPS$VFMA$PE$A:L22UL41UL21$X:L11$S22US41US21$IEEE1$IW$USESV6$~STKCKD$USESV7$~SHL$OSPACE$ROPI$EBA8$UX$STANDARDLIB$REQ8$PRES8$EABIv2 0x00000000   Number         0  anon$$obj.o ABSOLUTE
    __ARM_use_no_argv                        0x00000000   Number         0  main.o ABSOLUTE
    __ARM_exceptions_init                     - Undefined Weak Reference
    __alloca_initialize                       - Undefined Weak Reference
    __arm_preinit_                            - Undefined Weak Reference
    __cpp_initialize__aeabi_                  - Undefined Weak Reference
    __cxa_finalize                            - Undefined Weak Reference
    __rt_locale                               - Undefined Weak Reference
    __sigvec_lookup                           - Undefined Weak Reference
    _atexit_init                              - Undefined Weak Reference
    _call_atexit_fns                          - Undefined Weak Reference
    _clock_init                               - Undefined Weak Reference
    _fp_trap_init                             - Undefined Weak Reference
    _fp_trap_shutdown                         - Undefined Weak Reference
    _get_lc_collate                           - Undefined Weak Reference
    _get_lc_ctype                             - Undefined Weak Reference
    _get_lc_monetary                          - Undefined Weak Reference
    _get_lc_numeric                           - Undefined Weak Reference
    _get_lc_time                              - Undefined Weak Reference
    _getenv_init                              - Undefined Weak Reference
    _handle_redirection                       - Undefined Weak Reference
    _init_alloc                               - Undefined Weak Reference
    _init_user_alloc                          - Undefined Weak Reference
    _initio                                   - Undefined Weak Reference
    _mutex_acquire                            - Undefined Weak Reference
    _mutex_release                            - Undefined Weak Reference
    _printf_post_padding                      - Undefined Weak Reference
    _printf_pre_padding                       - Undefined Weak Reference
    _printf_truncate_unsigned                 - Undefined Weak Reference
    _rand_init                                - Undefined Weak Reference
    _signal_finish                            - Undefined Weak Reference
    _signal_init                              - Undefined Weak Reference
    _terminate_alloc                          - Undefined Weak Reference
    _terminate_user_alloc                     - Undefined Weak Reference
    _terminateio                              - Undefined Weak Reference
    __Vectors_Size                           0x00000188   Number         0  startup_stm32f40_41xxx.o ABSOLUTE
    __Vectors                                0x08000000   Data           4  startup_stm32f40_41xxx.o(RESET)
    __Vectors_End                            0x08000188   Data           0  startup_stm32f40_41xxx.o(RESET)
    __main                                   0x08000189   Thumb Code     8  __main.o(!!!main)
    __scatterload                            0x08000191   Thumb Code     0  __scatter.o(!!!scatter)
    __scatterload_rt2                        0x08000191   Thumb Code    44  __scatter.o(!!!scatter)
    __scatterload_rt2_thumb_only             0x08000191   Thumb Code     0  __scatter.o(!!!scatter)
    __scatterload_null                       0x0800019f   Thumb Code     0  __scatter.o(!!!scatter)
    __decompress                             0x080001c5   Thumb Code    90  __dczerorl2.o(!!dczerorl2)
    __decompress1                            0x080001c5   Thumb Code     0  __dczerorl2.o(!!dczerorl2)
    __scatterload_zeroinit                   0x08000221   Thumb Code    28  __scatter_zi.o(!!handler_zi)
    _printf_percent                          0x0800023d   Thumb Code     0  _printf_percent.o(.ARM.Collect$$_printf_percent$$00000000)
    _printf_x                                0x0800023d   Thumb Code     0  _printf_x.o(.ARM.Collect$$_printf_percent$$0000000C)
    _printf_percent_end                      0x08000243   Thumb Code     0  _printf_percent_end.o(.ARM.Collect$$_printf_percent$$00000017)
    __rt_lib_init                            0x08000247   Thumb Code     0  libinit.o(.ARM.Collect$$libinit$$00000000)
    __rt_lib_init_fp_1                       0x08000249   Thumb Code     0  libinit2.o(.ARM.Collect$$libinit$$00000001)
    __rt_lib_init_alloca_1                   0x0800024d   Thumb Code     0  libinit2.o(.ARM.Collect$$libinit$$0000002E)
    __rt_lib_init_argv_1                     0x0800024d   Thumb Code     0  libinit2.o(.ARM.Collect$$libinit$$0000002C)
    __rt_lib_init_atexit_1                   0x0800024d   Thumb Code     0  libinit2.o(.ARM.Collect$$libinit$$0000001B)
    __rt_lib_init_clock_1                    0x0800024d   Thumb Code     0  libinit2.o(.ARM.Collect$$libinit$$00000021)
    __rt_lib_init_cpp_1                      0x0800024d   Thumb Code     0  libinit2.o(.ARM.Collect$$libinit$$00000032)
    __rt_lib_init_exceptions_1               0x0800024d   Thumb Code     0  libinit2.o(.ARM.Collect$$libinit$$00000030)
    __rt_lib_init_fp_trap_1                  0x0800024d   Thumb Code     0  libinit2.o(.ARM.Collect$$libinit$$0000001F)
    __rt_lib_init_getenv_1                   0x0800024d   Thumb Code     0  libinit2.o(.ARM.Collect$$libinit$$00000023)
    __rt_lib_init_heap_1                     0x0800024d   Thumb Code     0  libinit2.o(.ARM.Collect$$libinit$$0000000A)
    __rt_lib_init_lc_collate_1               0x0800024d   Thumb Code     0  libinit2.o(.ARM.Collect$$libinit$$00000011)
    __rt_lib_init_lc_ctype_1                 0x0800024d   Thumb Code     0  libinit2.o(.ARM.Collect$$libinit$$00000013)
    __rt_lib_init_lc_monetary_1              0x0800024d   Thumb Code     0  libinit2.o(.ARM.Collect$$libinit$$00000015)
    __rt_lib_init_lc_numeric_1               0x0800024d   Thumb Code     0  libinit2.o(.ARM.Collect$$libinit$$00000017)
    __rt_lib_init_lc_time_1                  0x0800024d   Thumb Code     0  libinit2.o(.ARM.Collect$$libinit$$00000019)
    __rt_lib_init_preinit_1                  0x0800024d   Thumb Code     0  libinit2.o(.ARM.Collect$$libinit$$00000004)
    __rt_lib_init_rand_1                     0x0800024d   Thumb Code     0  libinit2.o(.ARM.Collect$$libinit$$0000000E)
    __rt_lib_init_return                     0x0800024d   Thumb Code     0  libinit2.o(.ARM.Collect$$libinit$$00000033)
    __rt_lib_init_signal_1                   0x0800024d   Thumb Code     0  libinit2.o(.ARM.Collect$$libinit$$0000001D)
    __rt_lib_init_stdio_1                    0x0800024d   Thumb Code     0  libinit2.o(.ARM.Collect$$libinit$$00000025)
    __rt_lib_init_user_alloc_1               0x0800024d   Thumb Code     0  libinit2.o(.ARM.Collect$$libinit$$0000000C)
    __rt_lib_shutdown                        0x0800024f   Thumb Code     0  libshutdown.o(.ARM.Collect$$libshutdown$$00000000)
    __rt_lib_shutdown_fp_trap_1              0x08000251   Thumb Code     0  libshutdown2.o(.ARM.Collect$$libshutdown$$00000006)
    __rt_lib_shutdown_heap_1                 0x08000251   Thumb Code     0  libshutdown2.o(.ARM.Collect$$libshutdown$$0000000E)
    __rt_lib_shutdown_return                 0x08000251   Thumb Code     0  libshutdown2.o(.ARM.Collect$$libshutdown$$0000000F)
    __rt_lib_shutdown_signal_1               0x08000251   Thumb Code     0  libshutdown2.o(.ARM.Collect$$libshutdown$$00000009)
    __rt_lib_shutdown_stdio_1                0x08000251   Thumb Code     0  libshutdown2.o(.ARM.Collect$$libshutdown$$00000003)
    __rt_lib_shutdown_user_alloc_1           0x08000251   Thumb Code     0  libshutdown2.o(.ARM.Collect$$libshutdown$$0000000B)
    __rt_entry                               0x08000253   Thumb Code     0  __rtentry.o(.ARM.Collect$$rtentry$$00000000)
    __rt_entry_presh_1                       0x08000253   Thumb Code     0  __rtentry2.o(.ARM.Collect$$rtentry$$00000002)
    __rt_entry_sh                            0x08000253   Thumb Code     0  __rtentry4.o(.ARM.Collect$$rtentry$$00000004)
    __rt_entry_li                            0x08000259   Thumb Code     0  __rtentry2.o(.ARM.Collect$$rtentry$$0000000A)
    __rt_entry_postsh_1                      0x08000259   Thumb Code     0  __rtentry2.o(.ARM.Collect$$rtentry$$00000009)
    __rt_entry_main                          0x0800025d   Thumb Code     0  __rtentry2.o(.ARM.Collect$$rtentry$$0000000D)
    __rt_entry_postli_1                      0x0800025d   Thumb Code     0  __rtentry2.o(.ARM.Collect$$rtentry$$0000000C)
    __rt_exit                                0x08000265   Thumb Code     0  rtexit.o(.ARM.Collect$$rtexit$$00000000)
    __rt_exit_ls                             0x08000267   Thumb Code     0  rtexit2.o(.ARM.Collect$$rtexit$$00000003)
    __rt_exit_prels_1                        0x08000267   Thumb Code     0  rtexit2.o(.ARM.Collect$$rtexit$$00000002)
    __rt_exit_exit                           0x0800026b   Thumb Code     0  rtexit2.o(.ARM.Collect$$rtexit$$00000004)
    main                                     0x08000271   Thumb Code   182  main.o(.text)
    NMI_Handler                              0x0800032d   Thumb Code     2  stm32f4xx_it.o(.text)
    HardFault_Handler                        0x0800032f   Thumb Code     4  stm32f4xx_it.o(.text)
    MemManage_Handler                        0x08000333   Thumb Code     4  stm32f4xx_it.o(.text)
    BusFault_Handler                         0x08000337   Thumb Code     4  stm32f4xx_it.o(.text)
    UsageFault_Handler                       0x0800033b   Thumb Code     4  stm32f4xx_it.o(.text)
    SVC_Handler                              0x0800033f   Thumb Code     2  stm32f4xx_it.o(.text)
    DebugMon_Handler                         0x08000341   Thumb Code     2  stm32f4xx_it.o(.text)
    PendSV_Handler                           0x08000343   Thumb Code     2  stm32f4xx_it.o(.text)
    SysTick_Handler                          0x08000345   Thumb Code     2  stm32f4xx_it.o(.text)
    SystemInit                               0x08000425   Thumb Code    88  system_stm32f4xx.o(.text)
    SystemCoreClockUpdate                    0x0800047d   Thumb Code   174  system_stm32f4xx.o(.text)
    set_background                           0x08000559   Thumb Code   502  background.o(.text)
    LED_Init                                 0x080007a1   Thumb Code    56  led.o(.text)
    LCD_WR_REG                               0x080007dd   Thumb Code    18  lcd.o(.text)
    LCD_WR_DATA                              0x080007ef   Thumb Code    20  lcd.o(.text)
    LCD_RD_DATA                              0x08000803   Thumb Code    16  lcd.o(.text)
    LCD_WriteReg                             0x08000813   Thumb Code    20  lcd.o(.text)
    LCD_ReadReg                              0x08000827   Thumb Code    22  lcd.o(.text)
    LCD_WriteRAM_Prepare                     0x0800083d   Thumb Code    10  lcd.o(.text)
    LCD_WriteRAM                             0x08000847   Thumb Code     8  lcd.o(.text)
    LCD_BGR2RGB                              0x0800084f   Thumb Code    26  lcd.o(.text)
    opt_delay                                0x08000869   Thumb Code    14  lcd.o(.text)
    LCD_SetCursor                            0x08000877   Thumb Code   262  lcd.o(.text)
    LCD_ReadPoint                            0x0800097d   Thumb Code   356  lcd.o(.text)
    LCD_DisplayOn                            0x08000ae1   Thumb Code    80  lcd.o(.text)
    LCD_DisplayOff                           0x08000b31   Thumb Code    78  lcd.o(.text)
    LCD_Scan_Dir                             0x08000b7f   Thumb Code   734  lcd.o(.text)
    LCD_DrawPoint                            0x08000e5d   Thumb Code    28  lcd.o(.text)
    LCD_Fast_DrawPoint                       0x08000e79   Thumb Code   278  lcd.o(.text)
    LCD_Display_Dir                          0x08000f8f   Thumb Code   378  lcd.o(.text)
    LCD_Set_Window                           0x08001109   Thumb Code   382  lcd.o(.text)
    LCD_Clear                                0x08001287   Thumb Code   100  lcd.o(.text)
    LCD_Init                                 0x080012eb   Thumb Code 14132  lcd.o(.text)
    LCD_Fill                                 0x08004a1f   Thumb Code   178  lcd.o(.text)
    LCD_Color_Fill                           0x08004ad1   Thumb Code    92  lcd.o(.text)
    LCD_DrawLine                             0x08004b2d   Thumb Code   182  lcd.o(.text)
    LCD_DrawRectangle                        0x08004be3   Thumb Code    76  lcd.o(.text)
    LCD_Draw_Circle                          0x08004c2f   Thumb Code   168  lcd.o(.text)
    LCD_ShowChar                             0x08004cd7   Thumb Code   276  lcd.o(.text)
    LCD_Pow                                  0x08004deb   Thumb Code    22  lcd.o(.text)
    LCD_ShowNum                              0x08004e01   Thumb Code   158  lcd.o(.text)
    LCD_ShowxNum                             0x08004e9f   Thumb Code   204  lcd.o(.text)
    LCD_ShowString                           0x08004f6b   Thumb Code   124  lcd.o(.text)
    ADC_DMA_Init                             0x08004ff9   Thumb Code   278  adc.o(.text)
    Get_Value                                0x0800510f   Thumb Code    38  adc.o(.text)
    TIM3_Init                                0x0800514d   Thumb Code   144  timer.o(.text)
    TIM2_Config                              0x080051dd   Thumb Code    76  timer.o(.text)
    TIM2_Int_Init                            0x08005229   Thumb Code    90  timer.o(.text)
    TIM2_IRQHandler                          0x08005283   Thumb Code    40  timer.o(.text)
    delay_init                               0x080052b9   Thumb Code    52  delay.o(.text)
    delay_us                                 0x080052ed   Thumb Code    72  delay.o(.text)
    delay_xms                                0x08005335   Thumb Code    72  delay.o(.text)
    delay_ms                                 0x0800537d   Thumb Code    56  delay.o(.text)
    _sys_exit                                0x080053bd   Thumb Code     6  usart.o(.text)
    fputc                                    0x080053c3   Thumb Code    22  usart.o(.text)
    uart_init                                0x080053d9   Thumb Code   172  usart.o(.text)
    USART1_IRQHandler                        0x08005485   Thumb Code   122  usart.o(.text)
    Reset_Handler                            0x08005511   Thumb Code     8  startup_stm32f40_41xxx.o(.text)
    ADC_IRQHandler                           0x0800552b   Thumb Code     0  startup_stm32f40_41xxx.o(.text)
    CAN1_RX0_IRQHandler                      0x0800552b   Thumb Code     0  startup_stm32f40_41xxx.o(.text)
    CAN1_RX1_IRQHandler                      0x0800552b   Thumb Code     0  startup_stm32f40_41xxx.o(.text)
    CAN1_SCE_IRQHandler                      0x0800552b   Thumb Code     0  startup_stm32f40_41xxx.o(.text)
    CAN1_TX_IRQHandler                       0x0800552b   Thumb Code     0  startup_stm32f40_41xxx.o(.text)
    CAN2_RX0_IRQHandler                      0x0800552b   Thumb Code     0  startup_stm32f40_41xxx.o(.text)
    CAN2_RX1_IRQHandler                      0x0800552b   Thumb Code     0  startup_stm32f40_41xxx.o(.text)
    CAN2_SCE_IRQHandler                      0x0800552b   Thumb Code     0  startup_stm32f40_41xxx.o(.text)
    CAN2_TX_IRQHandler                       0x0800552b   Thumb Code     0  startup_stm32f40_41xxx.o(.text)
    CRYP_IRQHandler                          0x0800552b   Thumb Code     0  startup_stm32f40_41xxx.o(.text)
    DCMI_IRQHandler                          0x0800552b   Thumb Code     0  startup_stm32f40_41xxx.o(.text)
    DMA1_Stream0_IRQHandler                  0x0800552b   Thumb Code     0  startup_stm32f40_41xxx.o(.text)
    DMA1_Stream1_IRQHandler                  0x0800552b   Thumb Code     0  startup_stm32f40_41xxx.o(.text)
    DMA1_Stream2_IRQHandler                  0x0800552b   Thumb Code     0  startup_stm32f40_41xxx.o(.text)
    DMA1_Stream3_IRQHandler                  0x0800552b   Thumb Code     0  startup_stm32f40_41xxx.o(.text)
    DMA1_Stream4_IRQHandler                  0x0800552b   Thumb Code     0  startup_stm32f40_41xxx.o(.text)
    DMA1_Stream5_IRQHandler                  0x0800552b   Thumb Code     0  startup_stm32f40_41xxx.o(.text)
    DMA1_Stream6_IRQHandler                  0x0800552b   Thumb Code     0  startup_stm32f40_41xxx.o(.text)
    DMA1_Stream7_IRQHandler                  0x0800552b   Thumb Code     0  startup_stm32f40_41xxx.o(.text)
    DMA2_Stream0_IRQHandler                  0x0800552b   Thumb Code     0  startup_stm32f40_41xxx.o(.text)
    DMA2_Stream1_IRQHandler                  0x0800552b   Thumb Code     0  startup_stm32f40_41xxx.o(.text)
    DMA2_Stream2_IRQHandler                  0x0800552b   Thumb Code     0  startup_stm32f40_41xxx.o(.text)
    DMA2_Stream3_IRQHandler                  0x0800552b   Thumb Code     0  startup_stm32f40_41xxx.o(.text)
    DMA2_Stream4_IRQHandler                  0x0800552b   Thumb Code     0  startup_stm32f40_41xxx.o(.text)
    DMA2_Stream5_IRQHandler                  0x0800552b   Thumb Code     0  startup_stm32f40_41xxx.o(.text)
    DMA2_Stream6_IRQHandler                  0x0800552b   Thumb Code     0  startup_stm32f40_41xxx.o(.text)
    DMA2_Stream7_IRQHandler                  0x0800552b   Thumb Code     0  startup_stm32f40_41xxx.o(.text)
    ETH_IRQHandler                           0x0800552b   Thumb Code     0  startup_stm32f40_41xxx.o(.text)
    ETH_WKUP_IRQHandler                      0x0800552b   Thumb Code     0  startup_stm32f40_41xxx.o(.text)
    EXTI0_IRQHandler                         0x0800552b   Thumb Code     0  startup_stm32f40_41xxx.o(.text)
    EXTI15_10_IRQHandler                     0x0800552b   Thumb Code     0  startup_stm32f40_41xxx.o(.text)
    EXTI1_IRQHandler                         0x0800552b   Thumb Code     0  startup_stm32f40_41xxx.o(.text)
    EXTI2_IRQHandler                         0x0800552b   Thumb Code     0  startup_stm32f40_41xxx.o(.text)
    EXTI3_IRQHandler                         0x0800552b   Thumb Code     0  startup_stm32f40_41xxx.o(.text)
    EXTI4_IRQHandler                         0x0800552b   Thumb Code     0  startup_stm32f40_41xxx.o(.text)
    EXTI9_5_IRQHandler                       0x0800552b   Thumb Code     0  startup_stm32f40_41xxx.o(.text)
    FLASH_IRQHandler                         0x0800552b   Thumb Code     0  startup_stm32f40_41xxx.o(.text)
    FPU_IRQHandler                           0x0800552b   Thumb Code     0  startup_stm32f40_41xxx.o(.text)
    FSMC_IRQHandler                          0x0800552b   Thumb Code     0  startup_stm32f40_41xxx.o(.text)
    HASH_RNG_IRQHandler                      0x0800552b   Thumb Code     0  startup_stm32f40_41xxx.o(.text)
    I2C1_ER_IRQHandler                       0x0800552b   Thumb Code     0  startup_stm32f40_41xxx.o(.text)
    I2C1_EV_IRQHandler                       0x0800552b   Thumb Code     0  startup_stm32f40_41xxx.o(.text)
    I2C2_ER_IRQHandler                       0x0800552b   Thumb Code     0  startup_stm32f40_41xxx.o(.text)
    I2C2_EV_IRQHandler                       0x0800552b   Thumb Code     0  startup_stm32f40_41xxx.o(.text)
    I2C3_ER_IRQHandler                       0x0800552b   Thumb Code     0  startup_stm32f40_41xxx.o(.text)
    I2C3_EV_IRQHandler                       0x0800552b   Thumb Code     0  startup_stm32f40_41xxx.o(.text)
    OTG_FS_IRQHandler                        0x0800552b   Thumb Code     0  startup_stm32f40_41xxx.o(.text)
    OTG_FS_WKUP_IRQHandler                   0x0800552b   Thumb Code     0  startup_stm32f40_41xxx.o(.text)
    OTG_HS_EP1_IN_IRQHandler                 0x0800552b   Thumb Code     0  startup_stm32f40_41xxx.o(.text)
    OTG_HS_EP1_OUT_IRQHandler                0x0800552b   Thumb Code     0  startup_stm32f40_41xxx.o(.text)
    OTG_HS_IRQHandler                        0x0800552b   Thumb Code     0  startup_stm32f40_41xxx.o(.text)
    OTG_HS_WKUP_IRQHandler                   0x0800552b   Thumb Code     0  startup_stm32f40_41xxx.o(.text)
    PVD_IRQHandler                           0x0800552b   Thumb Code     0  startup_stm32f40_41xxx.o(.text)
    RCC_IRQHandler                           0x0800552b   Thumb Code     0  startup_stm32f40_41xxx.o(.text)
    RTC_Alarm_IRQHandler                     0x0800552b   Thumb Code     0  startup_stm32f40_41xxx.o(.text)
    RTC_WKUP_IRQHandler                      0x0800552b   Thumb Code     0  startup_stm32f40_41xxx.o(.text)
    SDIO_IRQHandler                          0x0800552b   Thumb Code     0  startup_stm32f40_41xxx.o(.text)
    SPI1_IRQHandler                          0x0800552b   Thumb Code     0  startup_stm32f40_41xxx.o(.text)
    SPI2_IRQHandler                          0x0800552b   Thumb Code     0  startup_stm32f40_41xxx.o(.text)
    SPI3_IRQHandler                          0x0800552b   Thumb Code     0  startup_stm32f40_41xxx.o(.text)
    TAMP_STAMP_IRQHandler                    0x0800552b   Thumb Code     0  startup_stm32f40_41xxx.o(.text)
    TIM1_BRK_TIM9_IRQHandler                 0x0800552b   Thumb Code     0  startup_stm32f40_41xxx.o(.text)
    TIM1_CC_IRQHandler                       0x0800552b   Thumb Code     0  startup_stm32f40_41xxx.o(.text)
    TIM1_TRG_COM_TIM11_IRQHandler            0x0800552b   Thumb Code     0  startup_stm32f40_41xxx.o(.text)
    TIM1_UP_TIM10_IRQHandler                 0x0800552b   Thumb Code     0  startup_stm32f40_41xxx.o(.text)
    TIM3_IRQHandler                          0x0800552b   Thumb Code     0  startup_stm32f40_41xxx.o(.text)
    TIM4_IRQHandler                          0x0800552b   Thumb Code     0  startup_stm32f40_41xxx.o(.text)
    TIM5_IRQHandler                          0x0800552b   Thumb Code     0  startup_stm32f40_41xxx.o(.text)
    TIM6_DAC_IRQHandler                      0x0800552b   Thumb Code     0  startup_stm32f40_41xxx.o(.text)
    TIM7_IRQHandler                          0x0800552b   Thumb Code     0  startup_stm32f40_41xxx.o(.text)
    TIM8_BRK_TIM12_IRQHandler                0x0800552b   Thumb Code     0  startup_stm32f40_41xxx.o(.text)
    TIM8_CC_IRQHandler                       0x0800552b   Thumb Code     0  startup_stm32f40_41xxx.o(.text)
    TIM8_TRG_COM_TIM14_IRQHandler            0x0800552b   Thumb Code     0  startup_stm32f40_41xxx.o(.text)
    TIM8_UP_TIM13_IRQHandler                 0x0800552b   Thumb Code     0  startup_stm32f40_41xxx.o(.text)
    UART4_IRQHandler                         0x0800552b   Thumb Code     0  startup_stm32f40_41xxx.o(.text)
    UART5_IRQHandler                         0x0800552b   Thumb Code     0  startup_stm32f40_41xxx.o(.text)
    USART2_IRQHandler                        0x0800552b   Thumb Code     0  startup_stm32f40_41xxx.o(.text)
    USART3_IRQHandler                        0x0800552b   Thumb Code     0  startup_stm32f40_41xxx.o(.text)
    USART6_IRQHandler                        0x0800552b   Thumb Code     0  startup_stm32f40_41xxx.o(.text)
    WWDG_IRQHandler                          0x0800552b   Thumb Code     0  startup_stm32f40_41xxx.o(.text)
    __user_initial_stackheap                 0x0800552d   Thumb Code     0  startup_stm32f40_41xxx.o(.text)
    NVIC_PriorityGroupConfig                 0x08005551   Thumb Code    10  misc.o(.text)
    NVIC_Init                                0x0800555b   Thumb Code   106  misc.o(.text)
    NVIC_SetVectorTable                      0x080055c5   Thumb Code    14  misc.o(.text)
    NVIC_SystemLPConfig                      0x080055d3   Thumb Code    34  misc.o(.text)
    SysTick_CLKSourceConfig                  0x080055f5   Thumb Code    40  misc.o(.text)
    ADC_DeInit                               0x08005631   Thumb Code    22  stm32f4xx_adc.o(.text)
    ADC_Init                                 0x08005647   Thumb Code    74  stm32f4xx_adc.o(.text)
    ADC_StructInit                           0x08005691   Thumb Code    20  stm32f4xx_adc.o(.text)
    ADC_CommonInit                           0x080056a5   Thumb Code    34  stm32f4xx_adc.o(.text)
    ADC_CommonStructInit                     0x080056c7   Thumb Code    12  stm32f4xx_adc.o(.text)
    ADC_Cmd                                  0x080056d3   Thumb Code    22  stm32f4xx_adc.o(.text)
    ADC_AnalogWatchdogCmd                    0x080056e9   Thumb Code    16  stm32f4xx_adc.o(.text)
    ADC_AnalogWatchdogThresholdsConfig       0x080056f9   Thumb Code     6  stm32f4xx_adc.o(.text)
    ADC_AnalogWatchdogSingleChannelConfig    0x080056ff   Thumb Code    16  stm32f4xx_adc.o(.text)
    ADC_TempSensorVrefintCmd                 0x0800570f   Thumb Code    34  stm32f4xx_adc.o(.text)
    ADC_VBATCmd                              0x08005731   Thumb Code    34  stm32f4xx_adc.o(.text)
    ADC_RegularChannelConfig                 0x08005753   Thumb Code   184  stm32f4xx_adc.o(.text)
    ADC_SoftwareStartConv                    0x0800580b   Thumb Code    10  stm32f4xx_adc.o(.text)
    ADC_GetSoftwareStartConvStatus           0x08005815   Thumb Code    20  stm32f4xx_adc.o(.text)
    ADC_EOCOnEachRegularChannelCmd           0x08005829   Thumb Code    22  stm32f4xx_adc.o(.text)
    ADC_ContinuousModeCmd                    0x0800583f   Thumb Code    22  stm32f4xx_adc.o(.text)
    ADC_DiscModeChannelCountConfig           0x08005855   Thumb Code    24  stm32f4xx_adc.o(.text)
    ADC_DiscModeCmd                          0x0800586d   Thumb Code    22  stm32f4xx_adc.o(.text)
    ADC_GetConversionValue                   0x08005883   Thumb Code     8  stm32f4xx_adc.o(.text)
    ADC_GetMultiModeConversionValue          0x0800588b   Thumb Code     8  stm32f4xx_adc.o(.text)
    ADC_DMACmd                               0x08005893   Thumb Code    22  stm32f4xx_adc.o(.text)
    ADC_DMARequestAfterLastTransferCmd       0x080058a9   Thumb Code    22  stm32f4xx_adc.o(.text)
    ADC_MultiModeDMARequestAfterLastTransferCmd 0x080058bf   Thumb Code    34  stm32f4xx_adc.o(.text)
    ADC_InjectedChannelConfig                0x080058e1   Thumb Code   130  stm32f4xx_adc.o(.text)
    ADC_InjectedSequencerLengthConfig        0x08005963   Thumb Code    24  stm32f4xx_adc.o(.text)
    ADC_SetInjectedOffset                    0x0800597b   Thumb Code    20  stm32f4xx_adc.o(.text)
    ADC_ExternalTrigInjectedConvConfig       0x0800598f   Thumb Code    16  stm32f4xx_adc.o(.text)
    ADC_ExternalTrigInjectedConvEdgeConfig   0x0800599f   Thumb Code    16  stm32f4xx_adc.o(.text)
    ADC_SoftwareStartInjectedConv            0x080059af   Thumb Code    10  stm32f4xx_adc.o(.text)
    ADC_GetSoftwareStartInjectedConvCmdStatus 0x080059b9   Thumb Code    20  stm32f4xx_adc.o(.text)
    ADC_AutoInjectedConvCmd                  0x080059cd   Thumb Code    22  stm32f4xx_adc.o(.text)
    ADC_InjectedDiscModeCmd                  0x080059e3   Thumb Code    22  stm32f4xx_adc.o(.text)
    ADC_GetInjectedConversionValue           0x080059f9   Thumb Code    28  stm32f4xx_adc.o(.text)
    ADC_ITConfig                             0x08005a15   Thumb Code    56  stm32f4xx_adc.o(.text)
    ADC_GetFlagStatus                        0x08005a4d   Thumb Code    18  stm32f4xx_adc.o(.text)
    ADC_ClearFlag                            0x08005a5f   Thumb Code     6  stm32f4xx_adc.o(.text)
    ADC_GetITStatus                          0x08005a65   Thumb Code    38  stm32f4xx_adc.o(.text)
    ADC_ClearITPendingBit                    0x08005a8b   Thumb Code    10  stm32f4xx_adc.o(.text)
    GPIO_DeInit                              0x08005a95   Thumb Code   268  stm32f4xx_gpio.o(.text)
    GPIO_Init                                0x08005ba1   Thumb Code   144  stm32f4xx_gpio.o(.text)
    GPIO_StructInit                          0x08005c31   Thumb Code    18  stm32f4xx_gpio.o(.text)
    GPIO_PinLockConfig                       0x08005c43   Thumb Code    34  stm32f4xx_gpio.o(.text)
    GPIO_ReadInputDataBit                    0x08005c65   Thumb Code    18  stm32f4xx_gpio.o(.text)
    GPIO_ReadInputData                       0x08005c77   Thumb Code     8  stm32f4xx_gpio.o(.text)
    GPIO_ReadOutputDataBit                   0x08005c7f   Thumb Code    18  stm32f4xx_gpio.o(.text)
    GPIO_ReadOutputData                      0x08005c91   Thumb Code     8  stm32f4xx_gpio.o(.text)
    GPIO_SetBits                             0x08005c99   Thumb Code     4  stm32f4xx_gpio.o(.text)
    GPIO_ResetBits                           0x08005c9d   Thumb Code     4  stm32f4xx_gpio.o(.text)
    GPIO_WriteBit                            0x08005ca1   Thumb Code    10  stm32f4xx_gpio.o(.text)
    GPIO_Write                               0x08005cab   Thumb Code     4  stm32f4xx_gpio.o(.text)
    GPIO_ToggleBits                          0x08005caf   Thumb Code     8  stm32f4xx_gpio.o(.text)
    GPIO_PinAFConfig                         0x08005cb7   Thumb Code    70  stm32f4xx_gpio.o(.text)
    FSMC_NORSRAMDeInit                       0x08005d29   Thumb Code    54  stm32f4xx_fsmc.o(.text)
    FSMC_NORSRAMInit                         0x08005d5f   Thumb Code   230  stm32f4xx_fsmc.o(.text)
    FSMC_NORSRAMStructInit                   0x08005e45   Thumb Code    48  stm32f4xx_fsmc.o(.text)
    FSMC_NORSRAMCmd                          0x08005e75   Thumb Code    46  stm32f4xx_fsmc.o(.text)
    FSMC_NANDDeInit                          0x08005ea3   Thumb Code    62  stm32f4xx_fsmc.o(.text)
    FSMC_NANDInit                            0x08005ee1   Thumb Code   132  stm32f4xx_fsmc.o(.text)
    FSMC_NANDStructInit                      0x08005f65   Thumb Code    54  stm32f4xx_fsmc.o(.text)
    FSMC_NANDCmd                             0x08005f9b   Thumb Code    86  stm32f4xx_fsmc.o(.text)
    FSMC_NANDECCCmd                          0x08005ff1   Thumb Code    86  stm32f4xx_fsmc.o(.text)
    FSMC_GetECC                              0x08006047   Thumb Code    24  stm32f4xx_fsmc.o(.text)
    FSMC_PCCARDDeInit                        0x0800605f   Thumb Code    36  stm32f4xx_fsmc.o(.text)
    FSMC_PCCARDInit                          0x08006083   Thumb Code   130  stm32f4xx_fsmc.o(.text)
    FSMC_PCCARDStructInit                    0x08006105   Thumb Code    60  stm32f4xx_fsmc.o(.text)
    FSMC_PCCARDCmd                           0x08006141   Thumb Code    44  stm32f4xx_fsmc.o(.text)
    FSMC_ITConfig                            0x0800616d   Thumb Code   128  stm32f4xx_fsmc.o(.text)
    FSMC_GetFlagStatus                       0x080061ed   Thumb Code    54  stm32f4xx_fsmc.o(.text)
    FSMC_ClearFlag                           0x08006223   Thumb Code    74  stm32f4xx_fsmc.o(.text)
    FSMC_GetITStatus                         0x0800626d   Thumb Code    62  stm32f4xx_fsmc.o(.text)
    FSMC_ClearITPendingBit                   0x080062ab   Thumb Code    66  stm32f4xx_fsmc.o(.text)
    RCC_DeInit                               0x080062f1   Thumb Code    82  stm32f4xx_rcc.o(.text)
    RCC_HSEConfig                            0x08006343   Thumb Code    14  stm32f4xx_rcc.o(.text)
    RCC_GetFlagStatus                        0x08006351   Thumb Code    60  stm32f4xx_rcc.o(.text)
    RCC_WaitForHSEStartUp                    0x0800638d   Thumb Code    56  stm32f4xx_rcc.o(.text)
    RCC_AdjustHSICalibrationValue            0x080063c5   Thumb Code    20  stm32f4xx_rcc.o(.text)
    RCC_HSICmd                               0x080063d9   Thumb Code     6  stm32f4xx_rcc.o(.text)
    RCC_LSEConfig                            0x080063df   Thumb Code    46  stm32f4xx_rcc.o(.text)
    RCC_LSICmd                               0x0800640d   Thumb Code     6  stm32f4xx_rcc.o(.text)
    RCC_PLLConfig                            0x08006413   Thumb Code    32  stm32f4xx_rcc.o(.text)
    RCC_PLLCmd                               0x08006433   Thumb Code     6  stm32f4xx_rcc.o(.text)
    RCC_PLLI2SConfig                         0x08006439   Thumb Code    14  stm32f4xx_rcc.o(.text)
    RCC_PLLI2SCmd                            0x08006447   Thumb Code     6  stm32f4xx_rcc.o(.text)
    RCC_PLLSAIConfig                         0x0800644d   Thumb Code    20  stm32f4xx_rcc.o(.text)
    RCC_PLLSAICmd                            0x08006461   Thumb Code     6  stm32f4xx_rcc.o(.text)
    RCC_ClockSecuritySystemCmd               0x08006467   Thumb Code     6  stm32f4xx_rcc.o(.text)
    RCC_MCO1Config                           0x0800646d   Thumb Code    28  stm32f4xx_rcc.o(.text)
    RCC_MCO2Config                           0x08006489   Thumb Code    28  stm32f4xx_rcc.o(.text)
    RCC_SYSCLKConfig                         0x080064a5   Thumb Code    20  stm32f4xx_rcc.o(.text)
    RCC_GetSYSCLKSource                      0x080064b9   Thumb Code    12  stm32f4xx_rcc.o(.text)
    RCC_HCLKConfig                           0x080064c5   Thumb Code    20  stm32f4xx_rcc.o(.text)
    RCC_PCLK1Config                          0x080064d9   Thumb Code    20  stm32f4xx_rcc.o(.text)
    RCC_PCLK2Config                          0x080064ed   Thumb Code    22  stm32f4xx_rcc.o(.text)
    RCC_GetClocksFreq                        0x08006503   Thumb Code   222  stm32f4xx_rcc.o(.text)
    RCC_RTCCLKConfig                         0x080065e1   Thumb Code    54  stm32f4xx_rcc.o(.text)
    RCC_RTCCLKCmd                            0x08006617   Thumb Code     8  stm32f4xx_rcc.o(.text)
    RCC_BackupResetCmd                       0x0800661f   Thumb Code     8  stm32f4xx_rcc.o(.text)
    RCC_I2SCLKConfig                         0x08006627   Thumb Code     6  stm32f4xx_rcc.o(.text)
    RCC_SAIPLLI2SClkDivConfig                0x0800662d   Thumb Code    26  stm32f4xx_rcc.o(.text)
    RCC_SAIPLLSAIClkDivConfig                0x08006647   Thumb Code    28  stm32f4xx_rcc.o(.text)
    RCC_SAIBlockACLKConfig                   0x08006663   Thumb Code    20  stm32f4xx_rcc.o(.text)
    RCC_SAIBlockBCLKConfig                   0x08006677   Thumb Code    20  stm32f4xx_rcc.o(.text)
    RCC_LTDCCLKDivConfig                     0x0800668b   Thumb Code    20  stm32f4xx_rcc.o(.text)
    RCC_TIMCLKPresConfig                     0x0800669f   Thumb Code     6  stm32f4xx_rcc.o(.text)
    RCC_AHB1PeriphClockCmd                   0x080066a5   Thumb Code    34  stm32f4xx_rcc.o(.text)
    RCC_AHB2PeriphClockCmd                   0x080066c7   Thumb Code    78  stm32f4xx_rcc.o(.text)
    RCC_AHB3PeriphClockCmd                   0x08006715   Thumb Code    34  stm32f4xx_rcc.o(.text)
    RCC_APB1PeriphClockCmd                   0x08006737   Thumb Code    34  stm32f4xx_rcc.o(.text)
    RCC_APB2PeriphClockCmd                   0x08006759   Thumb Code    34  stm32f4xx_rcc.o(.text)
    RCC_AHB1PeriphResetCmd                   0x0800677b   Thumb Code    34  stm32f4xx_rcc.o(.text)
    RCC_AHB2PeriphResetCmd                   0x0800679d   Thumb Code    34  stm32f4xx_rcc.o(.text)
    RCC_AHB3PeriphResetCmd                   0x080067bf   Thumb Code    34  stm32f4xx_rcc.o(.text)
    RCC_APB1PeriphResetCmd                   0x080067e1   Thumb Code    34  stm32f4xx_rcc.o(.text)
    RCC_APB2PeriphResetCmd                   0x08006803   Thumb Code    34  stm32f4xx_rcc.o(.text)
    RCC_AHB1PeriphClockLPModeCmd             0x08006825   Thumb Code    34  stm32f4xx_rcc.o(.text)
    RCC_AHB2PeriphClockLPModeCmd             0x08006847   Thumb Code    34  stm32f4xx_rcc.o(.text)
    RCC_AHB3PeriphClockLPModeCmd             0x08006869   Thumb Code    34  stm32f4xx_rcc.o(.text)
    RCC_APB1PeriphClockLPModeCmd             0x0800688b   Thumb Code    34  stm32f4xx_rcc.o(.text)
    RCC_APB2PeriphClockLPModeCmd             0x080068ad   Thumb Code    34  stm32f4xx_rcc.o(.text)
    RCC_LSEModeConfig                        0x080068cf   Thumb Code    40  stm32f4xx_rcc.o(.text)
    RCC_ITConfig                             0x080068f7   Thumb Code    34  stm32f4xx_rcc.o(.text)
    RCC_ClearFlag                            0x08006919   Thumb Code    18  stm32f4xx_rcc.o(.text)
    RCC_GetITStatus                          0x0800692b   Thumb Code    22  stm32f4xx_rcc.o(.text)
    RCC_ClearITPendingBit                    0x08006941   Thumb Code     8  stm32f4xx_rcc.o(.text)
    USART_DeInit                             0x0800694d   Thumb Code   206  stm32f4xx_usart.o(.text)
    USART_Init                               0x08006a1b   Thumb Code   204  stm32f4xx_usart.o(.text)
    USART_StructInit                         0x08006ae7   Thumb Code    24  stm32f4xx_usart.o(.text)
    USART_ClockInit                          0x08006aff   Thumb Code    32  stm32f4xx_usart.o(.text)
    USART_ClockStructInit                    0x08006b1f   Thumb Code    12  stm32f4xx_usart.o(.text)
    USART_Cmd                                0x08006b2b   Thumb Code    24  stm32f4xx_usart.o(.text)
    USART_SetPrescaler                       0x08006b43   Thumb Code    16  stm32f4xx_usart.o(.text)
    USART_OverSampling8Cmd                   0x08006b53   Thumb Code    22  stm32f4xx_usart.o(.text)
    USART_OneBitMethodCmd                    0x08006b69   Thumb Code    24  stm32f4xx_usart.o(.text)
    USART_SendData                           0x08006b81   Thumb Code     8  stm32f4xx_usart.o(.text)
    USART_ReceiveData                        0x08006b89   Thumb Code    10  stm32f4xx_usart.o(.text)
    USART_SetAddress                         0x08006b93   Thumb Code    18  stm32f4xx_usart.o(.text)
    USART_ReceiverWakeUpCmd                  0x08006ba5   Thumb Code    24  stm32f4xx_usart.o(.text)
    USART_WakeUpConfig                       0x08006bbd   Thumb Code    18  stm32f4xx_usart.o(.text)
    USART_LINBreakDetectLengthConfig         0x08006bcf   Thumb Code    18  stm32f4xx_usart.o(.text)
    USART_LINCmd                             0x08006be1   Thumb Code    24  stm32f4xx_usart.o(.text)
    USART_SendBreak                          0x08006bf9   Thumb Code    10  stm32f4xx_usart.o(.text)
    USART_HalfDuplexCmd                      0x08006c03   Thumb Code    24  stm32f4xx_usart.o(.text)
    USART_SetGuardTime                       0x08006c1b   Thumb Code    16  stm32f4xx_usart.o(.text)
    USART_SmartCardCmd                       0x08006c2b   Thumb Code    24  stm32f4xx_usart.o(.text)
    USART_SmartCardNACKCmd                   0x08006c43   Thumb Code    24  stm32f4xx_usart.o(.text)
    USART_IrDAConfig                         0x08006c5b   Thumb Code    18  stm32f4xx_usart.o(.text)
    USART_IrDACmd                            0x08006c6d   Thumb Code    24  stm32f4xx_usart.o(.text)
    USART_DMACmd                             0x08006c85   Thumb Code    18  stm32f4xx_usart.o(.text)
    USART_ITConfig                           0x08006c97   Thumb Code    74  stm32f4xx_usart.o(.text)
    USART_GetFlagStatus                      0x08006ce1   Thumb Code    26  stm32f4xx_usart.o(.text)
    USART_ClearFlag                          0x08006cfb   Thumb Code    18  stm32f4xx_usart.o(.text)
    USART_GetITStatus                        0x08006d0d   Thumb Code   118  stm32f4xx_usart.o(.text)
    USART_ClearITPendingBit                  0x08006d83   Thumb Code    30  stm32f4xx_usart.o(.text)
    DMA_DeInit                               0x08006da1   Thumb Code   324  stm32f4xx_dma.o(.text)
    DMA_Init                                 0x08006ee5   Thumb Code    82  stm32f4xx_dma.o(.text)
    DMA_StructInit                           0x08006f37   Thumb Code    34  stm32f4xx_dma.o(.text)
    DMA_Cmd                                  0x08006f59   Thumb Code    22  stm32f4xx_dma.o(.text)
    DMA_PeriphIncOffsetSizeConfig            0x08006f6f   Thumb Code    22  stm32f4xx_dma.o(.text)
    DMA_FlowControllerConfig                 0x08006f85   Thumb Code    22  stm32f4xx_dma.o(.text)
    DMA_SetCurrDataCounter                   0x08006f9b   Thumb Code     4  stm32f4xx_dma.o(.text)
    DMA_GetCurrDataCounter                   0x08006f9f   Thumb Code     8  stm32f4xx_dma.o(.text)
    DMA_DoubleBufferModeConfig               0x08006fa7   Thumb Code    24  stm32f4xx_dma.o(.text)
    DMA_DoubleBufferModeCmd                  0x08006fbf   Thumb Code    22  stm32f4xx_dma.o(.text)
    DMA_MemoryTargetConfig                   0x08006fd5   Thumb Code    10  stm32f4xx_dma.o(.text)
    DMA_GetCurrentMemoryTarget               0x08006fdf   Thumb Code    20  stm32f4xx_dma.o(.text)
    DMA_GetCmdStatus                         0x08006ff3   Thumb Code    20  stm32f4xx_dma.o(.text)
    DMA_GetFIFOStatus                        0x08007007   Thumb Code    12  stm32f4xx_dma.o(.text)
    DMA_GetFlagStatus                        0x08007013   Thumb Code    56  stm32f4xx_dma.o(.text)
    DMA_ClearFlag                            0x0800704b   Thumb Code    40  stm32f4xx_dma.o(.text)
    DMA_ITConfig                             0x08007073   Thumb Code    58  stm32f4xx_dma.o(.text)
    DMA_GetITStatus                          0x080070ad   Thumb Code    84  stm32f4xx_dma.o(.text)
    DMA_ClearITPendingBit                    0x08007101   Thumb Code    40  stm32f4xx_dma.o(.text)
    TIM_DeInit                               0x08007149   Thumb Code   346  stm32f4xx_tim.o(.text)
    TIM_TimeBaseInit                         0x080072a3   Thumb Code   104  stm32f4xx_tim.o(.text)
    TIM_TimeBaseStructInit                   0x0800730b   Thumb Code    18  stm32f4xx_tim.o(.text)
    TIM_PrescalerConfig                      0x0800731d   Thumb Code     6  stm32f4xx_tim.o(.text)
    TIM_CounterModeConfig                    0x08007323   Thumb Code    18  stm32f4xx_tim.o(.text)
    TIM_SetCounter                           0x08007335   Thumb Code     4  stm32f4xx_tim.o(.text)
    TIM_SetAutoreload                        0x08007339   Thumb Code     4  stm32f4xx_tim.o(.text)
    TIM_GetCounter                           0x0800733d   Thumb Code     6  stm32f4xx_tim.o(.text)
    TIM_GetPrescaler                         0x08007343   Thumb Code     6  stm32f4xx_tim.o(.text)
    TIM_UpdateDisableConfig                  0x08007349   Thumb Code    24  stm32f4xx_tim.o(.text)
    TIM_UpdateRequestConfig                  0x08007361   Thumb Code    24  stm32f4xx_tim.o(.text)
    TIM_ARRPreloadConfig                     0x08007379   Thumb Code    24  stm32f4xx_tim.o(.text)
    TIM_SelectOnePulseMode                   0x08007391   Thumb Code    18  stm32f4xx_tim.o(.text)
    TIM_SetClockDivision                     0x080073a3   Thumb Code    18  stm32f4xx_tim.o(.text)
    TIM_Cmd                                  0x080073b5   Thumb Code    24  stm32f4xx_tim.o(.text)
    TIM_OC1Init                              0x080073cd   Thumb Code   114  stm32f4xx_tim.o(.text)
    TIM_OC2Init                              0x0800743f   Thumb Code   154  stm32f4xx_tim.o(.text)
    TIM_OC3Init                              0x080074d9   Thumb Code   204  stm32f4xx_tim.o(.text)
    TIM_OC4Init                              0x080075a5   Thumb Code   112  stm32f4xx_tim.o(.text)
    TIM_OCStructInit                         0x08007615   Thumb Code    20  stm32f4xx_tim.o(.text)
    TIM_SelectOCxM                           0x08007629   Thumb Code    86  stm32f4xx_tim.o(.text)
    TIM_SetCompare1                          0x0800767f   Thumb Code     4  stm32f4xx_tim.o(.text)
    TIM_SetCompare2                          0x08007683   Thumb Code     4  stm32f4xx_tim.o(.text)
    TIM_SetCompare3                          0x08007687   Thumb Code     4  stm32f4xx_tim.o(.text)
    TIM_SetCompare4                          0x0800768b   Thumb Code     4  stm32f4xx_tim.o(.text)
    TIM_ForcedOC1Config                      0x0800768f   Thumb Code    18  stm32f4xx_tim.o(.text)
    TIM_ForcedOC2Config                      0x080076a1   Thumb Code    26  stm32f4xx_tim.o(.text)
    TIM_ForcedOC3Config                      0x080076bb   Thumb Code    18  stm32f4xx_tim.o(.text)
    TIM_ForcedOC4Config                      0x080076cd   Thumb Code    26  stm32f4xx_tim.o(.text)
    TIM_OC1PreloadConfig                     0x080076e7   Thumb Code    18  stm32f4xx_tim.o(.text)
    TIM_OC2PreloadConfig                     0x080076f9   Thumb Code    26  stm32f4xx_tim.o(.text)
    TIM_OC3PreloadConfig                     0x08007713   Thumb Code    18  stm32f4xx_tim.o(.text)
    TIM_OC4PreloadConfig                     0x08007725   Thumb Code    26  stm32f4xx_tim.o(.text)
    TIM_OC1FastConfig                        0x0800773f   Thumb Code    18  stm32f4xx_tim.o(.text)
    TIM_OC2FastConfig                        0x08007751   Thumb Code    26  stm32f4xx_tim.o(.text)
    TIM_OC3FastConfig                        0x0800776b   Thumb Code    18  stm32f4xx_tim.o(.text)
    TIM_OC4FastConfig                        0x0800777d   Thumb Code    26  stm32f4xx_tim.o(.text)
    TIM_ClearOC1Ref                          0x08007797   Thumb Code    18  stm32f4xx_tim.o(.text)
    TIM_ClearOC2Ref                          0x080077a9   Thumb Code    24  stm32f4xx_tim.o(.text)
    TIM_ClearOC3Ref                          0x080077c1   Thumb Code    18  stm32f4xx_tim.o(.text)
    TIM_ClearOC4Ref                          0x080077d3   Thumb Code    24  stm32f4xx_tim.o(.text)
    TIM_OC1PolarityConfig                    0x080077eb   Thumb Code    18  stm32f4xx_tim.o(.text)
    TIM_OC1NPolarityConfig                   0x080077fd   Thumb Code    18  stm32f4xx_tim.o(.text)
    TIM_OC2PolarityConfig                    0x0800780f   Thumb Code    26  stm32f4xx_tim.o(.text)
    TIM_OC2NPolarityConfig                   0x08007829   Thumb Code    26  stm32f4xx_tim.o(.text)
    TIM_OC3PolarityConfig                    0x08007843   Thumb Code    26  stm32f4xx_tim.o(.text)
    TIM_OC3NPolarityConfig                   0x0800785d   Thumb Code    26  stm32f4xx_tim.o(.text)
    TIM_OC4PolarityConfig                    0x08007877   Thumb Code    26  stm32f4xx_tim.o(.text)
    TIM_CCxCmd                               0x08007891   Thumb Code    30  stm32f4xx_tim.o(.text)
    TIM_CCxNCmd                              0x080078af   Thumb Code    30  stm32f4xx_tim.o(.text)
    TIM_SetIC4Prescaler                      0x080078cd   Thumb Code    26  stm32f4xx_tim.o(.text)
    TIM_SetIC3Prescaler                      0x08007937   Thumb Code    18  stm32f4xx_tim.o(.text)
    TIM_SetIC2Prescaler                      0x08007991   Thumb Code    26  stm32f4xx_tim.o(.text)
    TIM_SetIC1Prescaler                      0x08007a05   Thumb Code    18  stm32f4xx_tim.o(.text)
    TIM_ICInit                               0x08007a51   Thumb Code   110  stm32f4xx_tim.o(.text)
    TIM_ICStructInit                         0x08007abf   Thumb Code    18  stm32f4xx_tim.o(.text)
    TIM_PWMIConfig                           0x08007ad1   Thumb Code   124  stm32f4xx_tim.o(.text)
    TIM_GetCapture1                          0x08007b4d   Thumb Code     6  stm32f4xx_tim.o(.text)
    TIM_GetCapture2                          0x08007b53   Thumb Code     6  stm32f4xx_tim.o(.text)
    TIM_GetCapture3                          0x08007b59   Thumb Code     6  stm32f4xx_tim.o(.text)
    TIM_GetCapture4                          0x08007b5f   Thumb Code     6  stm32f4xx_tim.o(.text)
    TIM_BDTRConfig                           0x08007b65   Thumb Code    32  stm32f4xx_tim.o(.text)
    TIM_BDTRStructInit                       0x08007b85   Thumb Code    18  stm32f4xx_tim.o(.text)
    TIM_CtrlPWMOutputs                       0x08007b97   Thumb Code    30  stm32f4xx_tim.o(.text)
    TIM_SelectCOM                            0x08007bb5   Thumb Code    24  stm32f4xx_tim.o(.text)
    TIM_CCPreloadControl                     0x08007bcd   Thumb Code    24  stm32f4xx_tim.o(.text)
    TIM_ITConfig                             0x08007be5   Thumb Code    18  stm32f4xx_tim.o(.text)
    TIM_GenerateEvent                        0x08007bf7   Thumb Code     4  stm32f4xx_tim.o(.text)
    TIM_GetFlagStatus                        0x08007bfb   Thumb Code    18  stm32f4xx_tim.o(.text)
    TIM_ClearFlag                            0x08007c0d   Thumb Code     6  stm32f4xx_tim.o(.text)
    TIM_GetITStatus                          0x08007c13   Thumb Code    34  stm32f4xx_tim.o(.text)
    TIM_ClearITPendingBit                    0x08007c35   Thumb Code     6  stm32f4xx_tim.o(.text)
    TIM_DMAConfig                            0x08007c3b   Thumb Code    10  stm32f4xx_tim.o(.text)
    TIM_DMACmd                               0x08007c45   Thumb Code    18  stm32f4xx_tim.o(.text)
    TIM_SelectCCDMA                          0x08007c57   Thumb Code    24  stm32f4xx_tim.o(.text)
    TIM_InternalClockConfig                  0x08007c6f   Thumb Code    12  stm32f4xx_tim.o(.text)
    TIM_SelectInputTrigger                   0x08007c7b   Thumb Code    18  stm32f4xx_tim.o(.text)
    TIM_ITRxExternalClockConfig              0x08007c8d   Thumb Code    24  stm32f4xx_tim.o(.text)
    TIM_TIxExternalClockConfig               0x08007ca5   Thumb Code    62  stm32f4xx_tim.o(.text)
    TIM_ETRConfig                            0x08007ce3   Thumb Code    28  stm32f4xx_tim.o(.text)
    TIM_ETRClockMode1Config                  0x08007cff   Thumb Code    54  stm32f4xx_tim.o(.text)
    TIM_ETRClockMode2Config                  0x08007d35   Thumb Code    32  stm32f4xx_tim.o(.text)
    TIM_SelectOutputTrigger                  0x08007d55   Thumb Code    18  stm32f4xx_tim.o(.text)
    TIM_SelectSlaveMode                      0x08007d67   Thumb Code    18  stm32f4xx_tim.o(.text)
    TIM_SelectMasterSlaveMode                0x08007d79   Thumb Code    18  stm32f4xx_tim.o(.text)
    TIM_EncoderInterfaceConfig               0x08007d8b   Thumb Code    66  stm32f4xx_tim.o(.text)
    TIM_SelectHallSensor                     0x08007dcd   Thumb Code    24  stm32f4xx_tim.o(.text)
    TIM_RemapConfig                          0x08007de5   Thumb Code     6  stm32f4xx_tim.o(.text)
    __use_no_semihosting                     0x08007deb   Thumb Code     2  use_no_semi_2.o(.text)
    __2printf                                0x08007ded   Thumb Code    20  noretval__2printf.o(.text)
    __printf                                 0x08007e05   Thumb Code   104  __printf.o(.text)
    _printf_int_hex                          0x08007e6d   Thumb Code    84  _printf_hex_int.o(.text)
    _printf_longlong_hex                     0x08007e6d   Thumb Code     0  _printf_hex_int.o(.text)
    __use_two_region_memory                  0x08007ec5   Thumb Code     2  heapauxi.o(.text)
    __rt_heap_escrow$2region                 0x08007ec7   Thumb Code     2  heapauxi.o(.text)
    __rt_heap_expand$2region                 0x08007ec9   Thumb Code     2  heapauxi.o(.text)
    __I$use$semihosting                      0x08007ecb   Thumb Code     0  use_no_semi.o(.text)
    __use_no_semihosting_swi                 0x08007ecb   Thumb Code     2  use_no_semi.o(.text)
    _printf_int_common                       0x08007ecd   Thumb Code   178  _printf_intcommon.o(.text)
    _printf_char_file                        0x08007f81   Thumb Code    32  _printf_char_file.o(.text)
    _printf_char_common                      0x08007faf   Thumb Code    32  _printf_char_common.o(.text)
    ferror                                   0x08007fd5   Thumb Code     8  ferror.o(.text)
    __user_setup_stackheap                   0x08007fdd   Thumb Code    74  sys_stackheap_outer.o(.text)
    exit                                     0x08008027   Thumb Code    12  exit.o(.text)
    __user_libspace                          0x08008035   Thumb Code     8  libspace.o(.text)
    __user_perproc_libspace                  0x08008035   Thumb Code     0  libspace.o(.text)
    __user_perthread_libspace                0x08008035   Thumb Code     0  libspace.o(.text)
    _fp_init                                 0x0800803d   Thumb Code    10  fpinit.o(x$fpl$fpinit)
    __fplib_config_fpu_vfp                   0x08008045   Thumb Code     0  fpinit.o(x$fpl$fpinit)
    __fplib_config_pureend_doubles           0x08008045   Thumb Code     0  fpinit.o(x$fpl$fpinit)
    asc2_1206                                0x08008046   Data        1140  lcd.o(.constdata)
    asc2_1608                                0x080084ba   Data        1520  lcd.o(.constdata)
    asc2_2412                                0x08008aaa   Data        3420  lcd.o(.constdata)
    FSMC_DefaultTimingStruct                 0x08009808   Data          28  stm32f4xx_fsmc.o(.constdata)
    Region$$Table$$Base                      0x0800984c   Number         0  anon$$obj.o(Region$$Table)
    Region$$Table$$Limit                     0x0800986c   Number         0  anon$$obj.o(Region$$Table)
    SystemCoreClock                          0x20000000   Data           4  system_stm32f4xx.o(.data)
    AHBPrescTable                            0x20000004   Data          16  system_stm32f4xx.o(.data)
    arr_F                                    0x20000014   Data         104  background.o(.data)
    arr_V                                    0x2000007c   Data          56  background.o(.data)
    arr_gain                                 0x200000b4   Data          48  background.o(.data)
    arr_C                                    0x200000e4   Data          20  background.o(.data)
    arr_move                                 0x200000f8   Data          18  background.o(.data)
    arr_JDQ                                  0x2000010a   Data           6  background.o(.data)
    gain_num                                 0x20000110   Data          32  background.o(.data)
    gain_multiple0                           0x20000130   Data          32  background.o(.data)
    gain_multiple1                           0x20000150   Data          32  background.o(.data)
    show_gain0                               0x20000170   Data          64  background.o(.data)
    show_gain1                               0x200001b0   Data          64  background.o(.data)
    POINT_COLOR                              0x200001f0   Data           2  lcd.o(.data)
    BACK_COLOR                               0x200001f2   Data           2  lcd.o(.data)
    __stdout                                 0x200001f8   Data           4  usart.o(.data)
    USART_RX_STA                             0x200001fc   Data           2  usart.o(.data)
    lcddev                                   0x20000210   Data          14  lcd.o(.bss)
    ADC_BUFF                                 0x2000021e   Data        1280  adc.o(.bss)
    USART_RX_BUF                             0x2000071e   Data         200  usart.o(.bss)
    __libspace_start                         0x200007e8   Data          96  libspace.o(.bss)
    __temporary_stack_top$libspace           0x20000848   Data           0  libspace.o(.bss)



==============================================================================

Memory Map of the image

  Image Entry point : 0x08000189

  Load Region LR_IROM1 (Base: 0x08000000, Size: 0x00009a7c, Max: 0x00080000, ABSOLUTE, COMPRESSED[0x0000999c])

    Execution Region ER_IROM1 (Base: 0x08000000, Size: 0x0000986c, Max: 0x00080000, ABSOLUTE)

    Base Addr    Size         Type   Attr      Idx    E Section Name        Object

    0x08000000   0x00000188   Data   RO          500    RESET               startup_stm32f40_41xxx.o
    0x08000188   0x00000008   Code   RO          765  * !!!main             c_w.l(__main.o)
    0x08000190   0x00000034   Code   RO          934    !!!scatter          c_w.l(__scatter.o)
    0x080001c4   0x0000005a   Code   RO          932    !!dczerorl2         c_w.l(__dczerorl2.o)
    0x0800021e   0x00000002   PAD
    0x08000220   0x0000001c   Code   RO          936    !!handler_zi        c_w.l(__scatter_zi.o)
    0x0800023c   0x00000000   Code   RO          762    .ARM.Collect$$_printf_percent$$00000000  c_w.l(_printf_percent.o)
    0x0800023c   0x00000006   Code   RO          761    .ARM.Collect$$_printf_percent$$0000000C  c_w.l(_printf_x.o)
    0x08000242   0x00000004   Code   RO          774    .ARM.Collect$$_printf_percent$$00000017  c_w.l(_printf_percent_end.o)
    0x08000246   0x00000002   Code   RO          807    .ARM.Collect$$libinit$$00000000  c_w.l(libinit.o)
    0x08000248   0x00000004   Code   RO          813    .ARM.Collect$$libinit$$00000001  c_w.l(libinit2.o)
    0x0800024c   0x00000000   Code   RO          816    .ARM.Collect$$libinit$$00000004  c_w.l(libinit2.o)
    0x0800024c   0x00000000   Code   RO          819    .ARM.Collect$$libinit$$0000000A  c_w.l(libinit2.o)
    0x0800024c   0x00000000   Code   RO          821    .ARM.Collect$$libinit$$0000000C  c_w.l(libinit2.o)
    0x0800024c   0x00000000   Code   RO          823    .ARM.Collect$$libinit$$0000000E  c_w.l(libinit2.o)
    0x0800024c   0x00000000   Code   RO          826    .ARM.Collect$$libinit$$00000011  c_w.l(libinit2.o)
    0x0800024c   0x00000000   Code   RO          828    .ARM.Collect$$libinit$$00000013  c_w.l(libinit2.o)
    0x0800024c   0x00000000   Code   RO          830    .ARM.Collect$$libinit$$00000015  c_w.l(libinit2.o)
    0x0800024c   0x00000000   Code   RO          832    .ARM.Collect$$libinit$$00000017  c_w.l(libinit2.o)
    0x0800024c   0x00000000   Code   RO          834    .ARM.Collect$$libinit$$00000019  c_w.l(libinit2.o)
    0x0800024c   0x00000000   Code   RO          836    .ARM.Collect$$libinit$$0000001B  c_w.l(libinit2.o)
    0x0800024c   0x00000000   Code   RO          838    .ARM.Collect$$libinit$$0000001D  c_w.l(libinit2.o)
    0x0800024c   0x00000000   Code   RO          840    .ARM.Collect$$libinit$$0000001F  c_w.l(libinit2.o)
    0x0800024c   0x00000000   Code   RO          842    .ARM.Collect$$libinit$$00000021  c_w.l(libinit2.o)
    0x0800024c   0x00000000   Code   RO          844    .ARM.Collect$$libinit$$00000023  c_w.l(libinit2.o)
    0x0800024c   0x00000000   Code   RO          846    .ARM.Collect$$libinit$$00000025  c_w.l(libinit2.o)
    0x0800024c   0x00000000   Code   RO          850    .ARM.Collect$$libinit$$0000002C  c_w.l(libinit2.o)
    0x0800024c   0x00000000   Code   RO          852    .ARM.Collect$$libinit$$0000002E  c_w.l(libinit2.o)
    0x0800024c   0x00000000   Code   RO          854    .ARM.Collect$$libinit$$00000030  c_w.l(libinit2.o)
    0x0800024c   0x00000000   Code   RO          856    .ARM.Collect$$libinit$$00000032  c_w.l(libinit2.o)
    0x0800024c   0x00000002   Code   RO          857    .ARM.Collect$$libinit$$00000033  c_w.l(libinit2.o)
    0x0800024e   0x00000002   Code   RO          875    .ARM.Collect$$libshutdown$$00000000  c_w.l(libshutdown.o)
    0x08000250   0x00000000   Code   RO          886    .ARM.Collect$$libshutdown$$00000003  c_w.l(libshutdown2.o)
    0x08000250   0x00000000   Code   RO          889    .ARM.Collect$$libshutdown$$00000006  c_w.l(libshutdown2.o)
    0x08000250   0x00000000   Code   RO          892    .ARM.Collect$$libshutdown$$00000009  c_w.l(libshutdown2.o)
    0x08000250   0x00000000   Code   RO          894    .ARM.Collect$$libshutdown$$0000000B  c_w.l(libshutdown2.o)
    0x08000250   0x00000000   Code   RO          897    .ARM.Collect$$libshutdown$$0000000E  c_w.l(libshutdown2.o)
    0x08000250   0x00000002   Code   RO          898    .ARM.Collect$$libshutdown$$0000000F  c_w.l(libshutdown2.o)
    0x08000252   0x00000000   Code   RO          769    .ARM.Collect$$rtentry$$00000000  c_w.l(__rtentry.o)
    0x08000252   0x00000000   Code   RO          776    .ARM.Collect$$rtentry$$00000002  c_w.l(__rtentry2.o)
    0x08000252   0x00000006   Code   RO          788    .ARM.Collect$$rtentry$$00000004  c_w.l(__rtentry4.o)
    0x08000258   0x00000000   Code   RO          778    .ARM.Collect$$rtentry$$00000009  c_w.l(__rtentry2.o)
    0x08000258   0x00000004   Code   RO          779    .ARM.Collect$$rtentry$$0000000A  c_w.l(__rtentry2.o)
    0x0800025c   0x00000000   Code   RO          781    .ARM.Collect$$rtentry$$0000000C  c_w.l(__rtentry2.o)
    0x0800025c   0x00000008   Code   RO          782    .ARM.Collect$$rtentry$$0000000D  c_w.l(__rtentry2.o)
    0x08000264   0x00000002   Code   RO          811    .ARM.Collect$$rtexit$$00000000  c_w.l(rtexit.o)
    0x08000266   0x00000000   Code   RO          859    .ARM.Collect$$rtexit$$00000002  c_w.l(rtexit2.o)
    0x08000266   0x00000004   Code   RO          860    .ARM.Collect$$rtexit$$00000003  c_w.l(rtexit2.o)
    0x0800026a   0x00000006   Code   RO          861    .ARM.Collect$$rtexit$$00000004  c_w.l(rtexit2.o)
    0x08000270   0x000000bc   Code   RO            3    .text               main.o
    0x0800032c   0x0000001a   Code   RO          168    .text               stm32f4xx_it.o
    0x08000346   0x00000002   PAD
    0x08000348   0x00000210   Code   RO          191    .text               system_stm32f4xx.o
    0x08000558   0x00000248   Code   RO          217    .text               background.o
    0x080007a0   0x0000003c   Code   RO          281    .text               led.o
    0x080007dc   0x0000481c   Code   RO          301    .text               lcd.o
    0x08004ff8   0x00000154   Code   RO          339    .text               adc.o
    0x0800514c   0x0000016c   Code   RO          409    .text               timer.o
    0x080052b8   0x00000104   Code   RO          429    .text               delay.o
    0x080053bc   0x00000154   Code   RO          469    .text               usart.o
    0x08005510   0x00000040   Code   RO          501    .text               startup_stm32f40_41xxx.o
    0x08005550   0x000000e0   Code   RO          507    .text               misc.o
    0x08005630   0x00000464   Code   RO          527    .text               stm32f4xx_adc.o
    0x08005a94   0x00000294   Code   RO          547    .text               stm32f4xx_gpio.o
    0x08005d28   0x000005c8   Code   RO          567    .text               stm32f4xx_fsmc.o
    0x080062f0   0x0000065c   Code   RO          590    .text               stm32f4xx_rcc.o
    0x0800694c   0x00000454   Code   RO          612    .text               stm32f4xx_usart.o
    0x08006da0   0x000003a8   Code   RO          652    .text               stm32f4xx_dma.o
    0x08007148   0x00000ca2   Code   RO          692    .text               stm32f4xx_tim.o
    0x08007dea   0x00000002   Code   RO          712    .text               c_w.l(use_no_semi_2.o)
    0x08007dec   0x00000018   Code   RO          716    .text               c_w.l(noretval__2printf.o)
    0x08007e04   0x00000068   Code   RO          718    .text               c_w.l(__printf.o)
    0x08007e6c   0x00000058   Code   RO          723    .text               c_w.l(_printf_hex_int.o)
    0x08007ec4   0x00000006   Code   RO          763    .text               c_w.l(heapauxi.o)
    0x08007eca   0x00000002   Code   RO          767    .text               c_w.l(use_no_semi.o)
    0x08007ecc   0x000000b2   Code   RO          770    .text               c_w.l(_printf_intcommon.o)
    0x08007f7e   0x00000002   PAD
    0x08007f80   0x00000024   Code   RO          772    .text               c_w.l(_printf_char_file.o)
    0x08007fa4   0x00000030   Code   RO          790    .text               c_w.l(_printf_char_common.o)
    0x08007fd4   0x00000008   Code   RO          792    .text               c_w.l(ferror.o)
    0x08007fdc   0x0000004a   Code   RO          796    .text               c_w.l(sys_stackheap_outer.o)
    0x08008026   0x0000000c   Code   RO          800    .text               c_w.l(exit.o)
    0x08008032   0x00000002   PAD
    0x08008034   0x00000008   Code   RO          808    .text               c_w.l(libspace.o)
    0x0800803c   0x0000000a   Code   RO          867    x$fpl$fpinit        fz_wm.l(fpinit.o)
    0x08008046   0x000017c0   Data   RO          303    .constdata          lcd.o
    0x08009806   0x00000002   PAD
    0x08009808   0x0000001c   Data   RO          568    .constdata          stm32f4xx_fsmc.o
    0x08009824   0x00000028   Data   RO          724    .constdata          c_w.l(_printf_hex_int.o)
    0x0800984c   0x00000020   Data   RO          930    Region$$Table       anon$$obj.o


    Execution Region RW_IRAM1 (Base: 0x20000000, Size: 0x00000e48, Max: 0x00020000, ABSOLUTE, COMPRESSED[0x00000130])

    Base Addr    Size         Type   Attr      Idx    E Section Name        Object

    0x20000000   0x00000014   Data   RW          192    .data               system_stm32f4xx.o
    0x20000014   0x000001dc   Data   RW          218    .data               background.o
    0x200001f0   0x00000004   Data   RW          304    .data               lcd.o
    0x200001f4   0x00000004   Data   RW          430    .data               delay.o
    0x200001f8   0x00000006   Data   RW          471    .data               usart.o
    0x200001fe   0x00000010   Data   RW          591    .data               stm32f4xx_rcc.o
    0x2000020e   0x00000002   PAD
    0x20000210   0x0000000e   Zero   RW          302    .bss                lcd.o
    0x2000021e   0x00000500   Zero   RW          340    .bss                adc.o
    0x2000071e   0x000000c8   Zero   RW          470    .bss                usart.o
    0x200007e6   0x00000002   PAD
    0x200007e8   0x00000060   Zero   RW          809    .bss                c_w.l(libspace.o)
    0x20000848   0x00000200   Zero   RW          499    HEAP                startup_stm32f40_41xxx.o
    0x20000a48   0x00000400   Zero   RW          498    STACK               startup_stm32f40_41xxx.o


==============================================================================

Image component sizes


      Code (inc. data)   RO Data    RW Data    ZI Data      Debug   Object Name

       340         24          0          0       1280       1444   adc.o
       584         82          0        476          0     244704   background.o
       260          8          0          4          0       1425   delay.o
     18460        146       6080          4         14      22757   lcd.o
        60          4          0          0          0        523   led.o
       188          6          0          0          0     301059   main.o
       224         20          0          0          0       1809   misc.o
        64         26        392          0       1536        828   startup_stm32f40_41xxx.o
      1124         24          0          0          0      10482   stm32f4xx_adc.o
       936         32          0          0          0       6289   stm32f4xx_dma.o
      1480         18         28          0          0       5602   stm32f4xx_fsmc.o
       660         44          0          0          0       4089   stm32f4xx_gpio.o
        26          0          0          0          0       1218   stm32f4xx_it.o
      1628         52          0         16          0      12868   stm32f4xx_rcc.o
      3234         60          0          0          0      22292   stm32f4xx_tim.o
      1108         34          0          0          0       7788   stm32f4xx_usart.o
       528         46          0         20          0       1767   system_stm32f4xx.o
       364         14          0          0          0       1302   timer.o
       340         18          0          6        200       3306   usart.o

    ----------------------------------------------------------------------
     31610        658       6534        528       3032     651552   Object Totals
         0          0         32          0          0          0   (incl. Generated)
         2          0          2          2          2          0   (incl. Padding)

    ----------------------------------------------------------------------

      Code (inc. data)   RO Data    RW Data    ZI Data      Debug   Library Member Name

        90          0          0          0          0          0   __dczerorl2.o
         8          0          0          0          0         68   __main.o
       104          0          0          0          0         84   __printf.o
         0          0          0          0          0          0   __rtentry.o
        12          0          0          0          0          0   __rtentry2.o
         6          0          0          0          0          0   __rtentry4.o
        52          8          0          0          0          0   __scatter.o
        28          0          0          0          0          0   __scatter_zi.o
        48          6          0          0          0         96   _printf_char_common.o
        36          4          0          0          0         80   _printf_char_file.o
        88          4         40          0          0         88   _printf_hex_int.o
       178          0          0          0          0         88   _printf_intcommon.o
         0          0          0          0          0          0   _printf_percent.o
         4          0          0          0          0          0   _printf_percent_end.o
         6          0          0          0          0          0   _printf_x.o
        12          0          0          0          0         72   exit.o
         8          0          0          0          0         68   ferror.o
         6          0          0          0          0        152   heapauxi.o
         2          0          0          0          0          0   libinit.o
         6          0          0          0          0          0   libinit2.o
         2          0          0          0          0          0   libshutdown.o
         2          0          0          0          0          0   libshutdown2.o
         8          4          0          0         96         68   libspace.o
        24          4          0          0          0         84   noretval__2printf.o
         2          0          0          0          0          0   rtexit.o
        10          0          0          0          0          0   rtexit2.o
        74          0          0          0          0         80   sys_stackheap_outer.o
         2          0          0          0          0         68   use_no_semi.o
         2          0          0          0          0         68   use_no_semi_2.o
        10          0          0          0          0        116   fpinit.o

    ----------------------------------------------------------------------
       836         30         40          0         96       1280   Library Totals
         6          0          0          0          0          0   (incl. Padding)

    ----------------------------------------------------------------------

      Code (inc. data)   RO Data    RW Data    ZI Data      Debug   Library Name

       820         30         40          0         96       1164   c_w.l
        10          0          0          0          0        116   fz_wm.l

    ----------------------------------------------------------------------
       836         30         40          0         96       1280   Library Totals

    ----------------------------------------------------------------------

==============================================================================


      Code (inc. data)   RO Data    RW Data    ZI Data      Debug   

     32446        688       6574        528       3128     648312   Grand Totals
     32446        688       6574        304       3128     648312   ELF Image Totals (compressed)
     32446        688       6574        304          0          0   ROM Totals

==============================================================================

    Total RO  Size (Code + RO Data)                39020 (  38.11kB)
    Total RW  Size (RW Data + ZI Data)              3656 (   3.57kB)
    Total ROM Size (Code + RO Data + RW Data)      39324 (  38.40kB)

==============================================================================

