<html>
<body>
<pre>
<h1>µVision Build Log</h1>
<h2>Tool Versions:</h2>
IDE-Version: ¦ÌVision V5.14.0.0
Copyright (C) 2015 ARM Ltd and ARM Germany GmbH. All rights reserved.
License Information: x yn, m, LIC=GMZ8T-R3K28-NAWDU-S6S3K-NW0Z7-BY2RT
 
Tool Versions:
Toolchain:       MDK-ARM Standard  Version: 5.14.0.0
Toolchain Path:  C:\Keil_v5\ARM\ARMCC\Bin
C Compiler:      Armcc.exe V5.05 update 1 (build 106)
Assembler:       Armasm.exe V5.05 update 1 (build 106)
Linker/Locator:  ArmLink.exe V5.05 update 1 (build 106)
Library Manager: ArmAr.exe V5.05 update 1 (build 106)
Hex Converter:   FromElf.exe V5.05 update 1 (build 106)
CPU DLL:         SARMCM3.DLL V5.14.0.0
Dialog DLL:      DCM.DLL V1.13.1.0
Target DLL:      CMSIS_AGDI.dll V1.21.0.0
Dialog DLL:      TCM.DLL V1.14.4.0
 
<h2>Project:</h2>
C:\Users\ynbb\Desktop\¼òÒ×Ê¾²¨Æ÷\USER\ADC.uvproj
Project File Date:  07/29/2017

<h2>Output:</h2>
Rebuild target 'ADC'
compiling main.c...
stm32f4xx.h(89): warning:  #47-D: incompatible redefinition of macro "STM32F40_41xxx"
    #define STM32F40_41xxx
..\HARDWARE\ADC\adc.h(10): warning:  #1295-D: Deprecated declaration ADC_DMA_Init - give arg types
  void  ADC_DMA_Init();
..\HARDWARE\ADC\adc.h(11): warning:  #1295-D: Deprecated declaration Get_Value - give arg types
  void Get_Value();
background.h(16): warning:  #1295-D: Deprecated declaration set_background - give arg types
  void set_background();
background.h(18): warning:  #1-D: last line of file ends without a newline
  #endif
..\HARDWARE\TIMER\timer.h(5): warning:  #1295-D: Deprecated declaration TIM3_Init - give arg types
  void TIM3_Init();
main.c(46): warning:  #174-D: expression has no effect
                for(i = 0;i++;i<200)
main.c(17): warning:  #177-D: variable "adcx" was declared but never referenced
        u16 adcx;
main.c(20): warning:  #550-D: variable "vpp_buf" was set but never used
        u8 vpp_buf[7];
main.c(21): warning:  #550-D: variable "v_buf" was set but never used
        u8 v_buf[7];
main.c(22): warning:  #550-D: variable "duty_buf" was set but never used
        u8 duty_buf[8];
main.c(23): warning:  #177-D: variable "vol" was declared but never referenced
        u16 vol;
main.c(24): warning:  #177-D: variable "duty" was declared but never referenced
        u16 duty = 0;
main.c: 13 warnings, 0 errors
compiling stm32f4xx_it.c...
stm32f4xx.h(89): warning:  #47-D: incompatible redefinition of macro "STM32F40_41xxx"
    #define STM32F40_41xxx
stm32f4xx_it.c: 1 warning, 0 errors
compiling system_stm32f4xx.c...
stm32f4xx.h(89): warning:  #47-D: incompatible redefinition of macro "STM32F40_41xxx"
    #define STM32F40_41xxx
system_stm32f4xx.c: 1 warning, 0 errors
compiling background.c...
..\USER\stm32f4xx.h(89): warning:  #47-D: incompatible redefinition of macro "STM32F40_41xxx"
    #define STM32F40_41xxx
background.h(16): warning:  #1295-D: Deprecated declaration set_background - give arg types
  void set_background();
background.h(18): warning:  #1-D: last line of file ends without a newline
  #endif
..\HARDWARE\ADC\adc.h(10): warning:  #1295-D: Deprecated declaration ADC_DMA_Init - give arg types
  void  ADC_DMA_Init();
..\HARDWARE\ADC\adc.h(11): warning:  #1295-D: Deprecated declaration Get_Value - give arg types
  void Get_Value();
background.c: 5 warnings, 0 errors
compiling led.c...
..\USER\stm32f4xx.h(89): warning:  #47-D: incompatible redefinition of macro "STM32F40_41xxx"
    #define STM32F40_41xxx
..\HARDWARE\LED\led.c: 1 warning, 0 errors
compiling lcd.c...
..\USER\stm32f4xx.h(89): warning:  #47-D: incompatible redefinition of macro "STM32F40_41xxx"
    #define STM32F40_41xxx
..\HARDWARE\LCD\lcd.c: 1 warning, 0 errors
compiling adc.c...
..\USER\stm32f4xx.h(89): warning:  #47-D: incompatible redefinition of macro "STM32F40_41xxx"
    #define STM32F40_41xxx
..\HARDWARE\ADC\adc.h(10): warning:  #1295-D: Deprecated declaration ADC_DMA_Init - give arg types
  void  ADC_DMA_Init();
..\HARDWARE\ADC\adc.h(11): warning:  #1295-D: Deprecated declaration Get_Value - give arg types
  void Get_Value();
..\HARDWARE\ADC\adc.c: 3 warnings, 0 errors
compiling key.c...
..\USER\stm32f4xx.h(89): warning:  #47-D: incompatible redefinition of macro "STM32F40_41xxx"
    #define STM32F40_41xxx
..\HARDWARE\KEY\key.c: 1 warning, 0 errors
compiling dma.c...
..\USER\stm32f4xx.h(89): warning:  #47-D: incompatible redefinition of macro "STM32F40_41xxx"
    #define STM32F40_41xxx
..\HARDWARE\DMA\dma.c: 1 warning, 0 errors
compiling timer.c...
..\USER\stm32f4xx.h(89): warning:  #47-D: incompatible redefinition of macro "STM32F40_41xxx"
    #define STM32F40_41xxx
..\HARDWARE\TIMER\timer.h(5): warning:  #1295-D: Deprecated declaration TIM3_Init - give arg types
  void TIM3_Init();
..\HARDWARE\TIMER\timer.c: 2 warnings, 0 errors
compiling delay.c...
..\USER\stm32f4xx.h(89): warning:  #47-D: incompatible redefinition of macro "STM32F40_41xxx"
    #define STM32F40_41xxx
..\SYSTEM\delay\delay.c: 1 warning, 0 errors
compiling sys.c...
..\USER\stm32f4xx.h(89): warning:  #47-D: incompatible redefinition of macro "STM32F40_41xxx"
    #define STM32F40_41xxx
..\SYSTEM\sys\sys.c: 1 warning, 0 errors
compiling usart.c...
..\USER\stm32f4xx.h(89): warning:  #47-D: incompatible redefinition of macro "STM32F40_41xxx"
    #define STM32F40_41xxx
..\SYSTEM\usart\usart.c: 1 warning, 0 errors
assembling startup_stm32f40_41xxx.s...
compiling misc.c...
..\USER\stm32f4xx.h(89): warning:  #47-D: incompatible redefinition of macro "STM32F40_41xxx"
    #define STM32F40_41xxx
..\FWLIB\src\misc.c: 1 warning, 0 errors
compiling stm32f4xx_adc.c...
..\USER\stm32f4xx.h(89): warning:  #47-D: incompatible redefinition of macro "STM32F40_41xxx"
    #define STM32F40_41xxx
..\FWLIB\src\stm32f4xx_adc.c: 1 warning, 0 errors
compiling stm32f4xx_gpio.c...
..\USER\stm32f4xx.h(89): warning:  #47-D: incompatible redefinition of macro "STM32F40_41xxx"
    #define STM32F40_41xxx
..\FWLIB\src\stm32f4xx_gpio.c: 1 warning, 0 errors
compiling stm32f4xx_fsmc.c...
..\USER\stm32f4xx.h(89): warning:  #47-D: incompatible redefinition of macro "STM32F40_41xxx"
    #define STM32F40_41xxx
..\FWLIB\src\stm32f4xx_fsmc.c: 1 warning, 0 errors
compiling stm32f4xx_rcc.c...
..\USER\stm32f4xx.h(89): warning:  #47-D: incompatible redefinition of macro "STM32F40_41xxx"
    #define STM32F40_41xxx
..\FWLIB\src\stm32f4xx_rcc.c: 1 warning, 0 errors
compiling stm32f4xx_usart.c...
..\USER\stm32f4xx.h(89): warning:  #47-D: incompatible redefinition of macro "STM32F40_41xxx"
    #define STM32F40_41xxx
..\FWLIB\src\stm32f4xx_usart.c: 1 warning, 0 errors
compiling stm32f4xx_syscfg.c...
..\USER\stm32f4xx.h(89): warning:  #47-D: incompatible redefinition of macro "STM32F40_41xxx"
    #define STM32F40_41xxx
..\FWLIB\src\stm32f4xx_syscfg.c: 1 warning, 0 errors
compiling stm32f4xx_dma.c...
..\USER\stm32f4xx.h(89): warning:  #47-D: incompatible redefinition of macro "STM32F40_41xxx"
    #define STM32F40_41xxx
..\FWLIB\src\stm32f4xx_dma.c: 1 warning, 0 errors
compiling stm32f4xx_exti.c...
..\USER\stm32f4xx.h(89): warning:  #47-D: incompatible redefinition of macro "STM32F40_41xxx"
    #define STM32F40_41xxx
..\FWLIB\src\stm32f4xx_exti.c: 1 warning, 0 errors
compiling stm32f4xx_tim.c...
..\USER\stm32f4xx.h(89): warning:  #47-D: incompatible redefinition of macro "STM32F40_41xxx"
    #define STM32F40_41xxx
..\FWLIB\src\stm32f4xx_tim.c: 1 warning, 0 errors
linking...
Program Size: Code=32446 RO-data=6574 RW-data=528 ZI-data=3128  
FromELF: creating hex file...
"..\OBJ\ADC.axf" - 0 Error(s), 42 Warning(s).
</pre>
</body>
</html>
