<html>
<body>
<pre>
<h1>µVision Build Log</h1>
<h2>Tool Versions:</h2>
IDE-Version: ¦ÌVision V5.14.0.0
Copyright (C) 2015 ARM Ltd and ARM Germany GmbH. All rights reserved.
License Information: x yn, m, LIC=GMZ8T-R3K28-NAWDU-S6S3K-NW0Z7-BY2RT
 
Tool Versions:
Toolchain:       MDK-ARM Standard  Version: 5.14.0.0
Toolchain Path:  C:\Keil_v5\ARM\ARMCC\Bin
C Compiler:      Armcc.exe V5.05 update 1 (build 106)
Assembler:       Armasm.exe V5.05 update 1 (build 106)
Linker/Locator:  ArmLink.exe V5.05 update 1 (build 106)
Library Manager: ArmAr.exe V5.05 update 1 (build 106)
Hex Converter:   FromElf.exe V5.05 update 1 (build 106)
CPU DLL:         SARMCM3.DLL V5.14.0.0
Dialog DLL:      DCM.DLL V1.13.1.0
Target DLL:      CMSIS_AGDI.dll V1.21.0.0
Dialog DLL:      TCM.DLL V1.14.4.0
 
<h2>Project:</h2>
C:\Users\ynbb\Desktop\¼òÒ×Ê¾²¨Æ÷\USER\ADC.uvproj
Project File Date:  07/29/2017

<h2>Output:</h2>
Rebuild target 'ADC'
compiling main.c...
..\HARDWARE\ADC\adc.h(19): warning:  #1295-D: Deprecated declaration ADC_DMA_Init - give arg types
  void  ADC_DMA_Init();
..\HARDWARE\ADC\adc.h(20): warning:  #1295-D: Deprecated declaration Get_Value - give arg types
  void Get_Value();
background.h(38): warning:  #1295-D: Deprecated declaration set_background - give arg types
  void set_background();
background.h(42): warning:  #1295-D: Deprecated declaration load_data - give arg types
  void load_data();
background.h(44): warning:  #1-D: last line of file ends without a newline
  #endif
..\HARDWARE\TIMER\timer.h(7): warning:  #1295-D: Deprecated declaration TIM3_Init - give arg types
  void TIM3_Init();
main.c(48): warning:  #223-D: function "Touch_Init" declared implicitly
        Touch_Init();
main.c(30): warning:  #177-D: variable "adcx" was declared but never referenced
        u16 adcx;
main.c(31): warning:  #550-D: variable "i" was set but never used
        int i;
main.c(32): warning:  #177-D: variable "vpp_buf" was declared but never referenced
        u8 vpp_buf[7];
main.c(33): warning:  #177-D: variable "v_buf" was declared but never referenced
        u8 v_buf[7];
main.c(34): warning:  #177-D: variable "duty_buf" was declared but never referenced
        u8 duty_buf[8];
main.c(36): warning:  #177-D: variable "duty" was declared but never referenced
        u16 duty = 0;
main.c: 13 warnings, 0 errors
compiling stm32f4xx_it.c...
compiling system_stm32f4xx.c...
compiling background.c...
background.h(38): warning:  #1295-D: Deprecated declaration set_background - give arg types
  void set_background();
background.h(42): warning:  #1295-D: Deprecated declaration load_data - give arg types
  void load_data();
background.h(44): warning:  #1-D: last line of file ends without a newline
  #endif
..\HARDWARE\ADC\adc.h(19): warning:  #1295-D: Deprecated declaration ADC_DMA_Init - give arg types
  void  ADC_DMA_Init();
..\HARDWARE\ADC\adc.h(20): warning:  #1295-D: Deprecated declaration Get_Value - give arg types
  void Get_Value();
background.c: 5 warnings, 0 errors
compiling led.c...
compiling lcd.c...
compiling adc.c...
..\HARDWARE\ADC\adc.h(19): warning:  #1295-D: Deprecated declaration ADC_DMA_Init - give arg types
  void  ADC_DMA_Init();
..\HARDWARE\ADC\adc.h(20): warning:  #1295-D: Deprecated declaration Get_Value - give arg types
  void Get_Value();
..\HARDWARE\ADC\adc.c(113): warning:  #1035-D: single-precision operand implicitly converted to double-precision
        pp = pp*(3300.0* multiple /4095);
..\HARDWARE\ADC\adc.c(115): warning:  #1-D: last line of file ends without a newline
  }
..\HARDWARE\ADC\adc.c: 4 warnings, 0 errors
compiling key.c...
compiling dma.c...
compiling timer.c...
..\HARDWARE\TIMER\timer.h(7): warning:  #1295-D: Deprecated declaration TIM3_Init - give arg types
  void TIM3_Init();
..\USER\background.h(38): warning:  #1295-D: Deprecated declaration set_background - give arg types
  void set_background();
..\USER\background.h(42): warning:  #1295-D: Deprecated declaration load_data - give arg types
  void load_data();
..\USER\background.h(44): warning:  #1-D: last line of file ends without a newline
  #endif
..\HARDWARE\TIMER\timer.c: 4 warnings, 0 errors
compiling 24cxx.c...
compiling ctiic.c...
compiling gt9147.c...
compiling myiic.c...
compiling ott2001a.c...
compiling touch.c...
..\HARDWARE\src\touch.c(548): warning:  #1-D: last line of file ends without a newline
  }
..\HARDWARE\src\touch.c: 1 warning, 0 errors
compiling delay.c...
compiling sys.c...
compiling usart.c...
assembling startup_stm32f40_41xxx.s...
compiling misc.c...
compiling stm32f4xx_adc.c...
compiling stm32f4xx_gpio.c...
compiling stm32f4xx_fsmc.c...
compiling stm32f4xx_rcc.c...
compiling stm32f4xx_usart.c...
compiling stm32f4xx_syscfg.c...
compiling stm32f4xx_dma.c...
compiling stm32f4xx_exti.c...
compiling stm32f4xx_tim.c...
linking...
Program Size: Code=46738 RO-data=6778 RW-data=688 ZI-data=4128  
FromELF: creating hex file...
"..\OBJ\ADC.axf" - 0 Error(s), 27 Warning(s).
</pre>
</body>
</html>
